******************************************************************************
                  TI ARM Linker PC v5.2.9                      
******************************************************************************
>> Linked Thu May 04 14:03:42 2017

OUTPUT FILE NAME:   <wlan_station.out>
ENTRY POINT SYMBOL: "_c_int00"  address: 2000fe15


MEMORY CONFIGURATION

         name            origin    length      used     unused   attr    fill
----------------------  --------  ---------  --------  --------  ----  --------
  SRAM_CODE             20004000   00014000  000103b6  00003c4a  RW X
  SRAM_DATA             20018000   00018000  0000bb9d  0000c463  RW X


SEGMENT ALLOCATION MAP

run origin  load origin   length   init length attrs members
----------  ----------- ---------- ----------- ----- -------
20004000    20004000    000103c0   000103c0    r-x
  20004000    20004000    0000030c   0000030c    r-- .resetVecs
  20004310    20004310    0000d8b2   0000d8b2    r-x .text
  20011bc4    20011bc4    000024a8   000024a8    r-- .const
  20014070    20014070    00000350   00000350    r-- .cinit
20018000    20018000    00009ba4   00000000    rw-
  20018000    20018000    00009641   00000000    rw- .bss
  20021648    20021648    0000055c   00000000    rw- .data
2002e000    2002e000    00002000   00000000    rw-
  2002e000    2002e000    00002000   00000000    rw- .stack


SECTION ALLOCATION MAP

 output                                  attributes/
section   page    origin      length       input sections
--------  ----  ----------  ----------   ----------------
.init_array 
*          0    20004000    00000000     UNINITIALIZED

.resetVecs 
*          0    20004000    0000030c     
                  20004000    0000030c     app_pem4.oem4 (.resetVecs)

.text      0    20004310    0000d8b2     
                  20004310    000010e0     rtsv7M4_T_le_eabi.lib : _printfi.obj (.text)
                  200053f0    00000ee0     main.obj (.text)
                  200062d0    00000590     simplelink.a : driver.obj (.text:_SlDrvMsgRead)
                  20006860    00000544     ti_rtos.a : osi_tirtos.obj (.text)
                  20006da4    00000004     app_pem4.oem4 (.text:ti_sysbios_BIOS_RtsGateProxy_enter__E)
                  20006da8    00000430     sysbios.aem4 : BIOS.obj (.text:ti_sysbios_family_arm_m3_Hwi_excDumpRegs__I)
                  200071d8    00000394     gpio_if.obj (.text)
                  2000756c    0000034c     ti.targets.arm.rtsarm.aem4 : System.oem4 (.text:xdc_runtime_System_doPrint__I)
                  200078b8    00000314     sysbios.aem4 : BIOS.obj (.text:ti_sysbios_knl_Semaphore_pend__E)
                  20007bcc    000002d4     rtsv7M4_T_le_eabi.lib : trgdrv.obj (.text)
                  20007ea0    00000280     uart_if.obj (.text)
                  20008120    0000027c     simplelink.a : wlan.obj (.text:sl_WlanConnect)
                  2000839c    00000004     app_pem4.oem4 (.text:ti_sysbios_BIOS_RtsGateProxy_leave__E)
                  200083a0    00000258     sysbios.aem4 : BIOS.obj (.text:ti_sysbios_heaps_HeapMem_free__E)
                  200085f8    0000024c     simplelink.a : driver.obj (.text:_SlDrvRxHdrRead)
                  20008844    00000004     app_pem4.oem4 (.text:ti_sysbios_family_arm_m3_Hwi_delete)
                  20008848    0000024c     sysbios.aem4 : BIOS.obj (.text:ti_sysbios_knl_Task_Instance_finalize__E)
                  20008a94    00000004     app_pem4.oem4 (.text:ti_sysbios_family_arm_m3_TaskSupport_Module__startupDone__S)
                  20008a98    00000240     sysbios.aem4 : BIOS.obj (.text:ti_sysbios_heaps_HeapMem_alloc__E)
                  20008cd8    00000200                  : BIOS.obj (.text:ti_sysbios_knl_Task_sleep__E)
                  20008ed8    000001fc                  : BIOS.obj (.text:ti_sysbios_family_arm_m3_Hwi_excHandlerMax__I)
                  200090d4    000001f4     rtsv7M4_T_le_eabi.lib : ull_div_t2.obj (.text)
                  200092c8    000001d0     simplelink.a : driver.obj (.text:_SlDrvReleasePoolObj)
                  20009498    000001c8     sysbios.aem4 : BIOS.obj (.text:ti_sysbios_knl_Task_Instance_init__E)
                  20009660    000001b6     rtsv7M4_T_le_eabi.lib : fd_add_t2.obj (.text)
                  20009816    00000002                           : i_div0.obj (.text)
                  20009818    000001b0     simplelink.a : netapp.obj (.text:sl_NetAppPingStart)
                  200099c8    0000019c                  : driver.obj (.text:_SlDrvMsgWrite)
                  20009b64    00000004     app_pem4.oem4 (.text:ti_sysbios_heaps_HeapMem_Module_GateProxy_enter__E)
                  20009b68    0000019c     sysbios.aem4 : BIOS.obj (.text:ti_sysbios_knl_Task_Module_startup__E)
                  20009d04    00000190     simplelink.a : driver.obj (.text:_SlDrvDriverCBInit)
                  20009e94    00000190                  : driver.obj (.text:_SlDrvWaitForPoolObj)
                  2000a024    00000178     driverlib.a : prcm.obj (.text:PRCMCC3200MCUInit)
                  2000a19c    00000004     app_pem4.oem4 (.text:ti_sysbios_heaps_HeapMem_Module_GateProxy_leave__E)
                  2000a1a0    00000174     sysbios.aem4 : BIOS.obj (.text:ti_sysbios_family_arm_m3_Hwi_excBusFault__I)
                  2000a314    00000170     simplelink.a : driver.obj (.text:_SlFindAndSetActiveObj)
                  2000a484    00000004     app_pem4.oem4 (.text:ti_sysbios_knl_Clock_TimerProxy_getMaxTicks__E)
                  2000a488    00000164     sysbios.aem4 : BIOS.obj (.text:ti_sysbios_family_arm_m3_Hwi_excUsageFault__I)
                  2000a5ec    00000004     app_pem4.oem4 (.text:ti_sysbios_knl_Mailbox_delete)
                  2000a5f0    00000158     sysbios.aem4 : BIOS.obj (.text:ti_sysbios_knl_Mailbox_Instance_init__E)
                  2000a748    00000150     simplelink.a : cc_pal.obj (.text:spi_Open)
                  2000a898    00000148     sysbios.aem4 : BIOS.obj (.text:ti_sysbios_family_arm_m3_Hwi_excMemFault__I)
                  2000a9e0    00000144     simplelink.a : netapp.obj (.text:sl_NetAppDnsGetHostByName)
                  2000ab24    00000004     app_pem4.oem4 (.text:ti_sysbios_knl_Queue_destruct)
                  2000ab28    00000140     sysbios.aem4 : BIOS.obj (.text:ti_sysbios_knl_Semaphore_post__E)
                  2000ac68    0000013c     simplelink.a : driver.obj (.text:_SlDrvMsgReadCmdCtx)
                  2000ada4    00000004     app_pem4.oem4 (.text:ti_sysbios_knl_Semaphore_delete)
                  2000ada8    0000013c     sysbios.aem4 : BIOS.obj (.text:ti_sysbios_heaps_HeapMem_Instance_init__E)
                  2000aee4    00000004     app_pem4.oem4 (.text:ti_sysbios_knl_Semaphore_destruct)
                  2000aee8    0000013c     sysbios.aem4 : BIOS.obj (.text:ti_sysbios_knl_Clock_workFunc__E)
                  2000b024    00000004     app_pem4.oem4 (.text:ti_sysbios_knl_Task_delete)
                  2000b028    00000138     sysbios.aem4 : BIOS.obj (.text:ti_sysbios_family_arm_m3_Hwi_dispatchC__I)
                  2000b160    00000138     ti.targets.arm.rtsarm.aem4 : LoggerBuf.oem4 (.text:xdc_runtime_LoggerBuf_write8__E)
                  2000b298    00000136     rtsv7M4_T_le_eabi.lib : fd_div_t2.obj (.text)
                  2000b3ce    00000002     app_pem4.oem4 (.text:ti_sysbios_BIOS_nullFunc__I)
                  2000b3d0    00000124     simplelink.a : driver.obj (.text:_SlDrvDriverCBDeinit)
                  2000b4f4    00000004     ti.targets.arm.rtsarm.aem4 : Error.oem4 (.text:xdc_runtime_Error_getSite__E)
                  2000b4f8    0000011c     sysbios.aem4 : BIOS.obj (.text:ti_sysbios_knl_Swi_run__I)
                  2000b614    00000118     ti.targets.arm.rtsarm.aem4 : Error.oem4 (.text:xdc_runtime_Error_policyDefault__E)
                  2000b72c    00000110     rtsv7M4_T_le_eabi.lib : xdscale.obj (.text)
                  2000b83c    00000104     simplelink.a : netapp.obj (.text:_SlDrvNetAppEventHandler)
                  2000b940    00000100     ti.targets.arm.rtsarm.aem4 : Core-mem.oem4 (.text:xdc_runtime_Core_createObject__I)
                  2000ba40    000000fc     rtsv7M4_T_le_eabi.lib : fd_mul_t2.obj (.text)
                  2000bb3c    000000f8     ti.targets.arm.rtsarm.aem4 : Startup.oem4 (.text:xdc_runtime_Startup_startMods__I)
                  2000bc34    000000f8     app_pem4.oem4 (.text:xdc_runtime_System_printfExtend__I)
                  2000bd2c    000000f0     simplelink.a : device.obj (.text:sl_Stop)
                  2000be1c    000000f0     driverlib.a : udma.obj (.text:uDMAChannelTransferSet)
                  2000bf0c    000000ec     simplelink.a : device.obj (.text:sl_Start)
                  2000bff8    000000e8                  : driver.obj (.text:_SlAsyncEventGenericHandler)
                  2000c0e0    000000e8                  : driver.obj (.text:_SlDrvMsgReadSpawnCtx)
                  2000c1c8    000000e4                  : netapp.obj (.text:sl_NetAppMDNSRegisterUnregisterService)
                  2000c2ac    000000dc                  : driver.obj (.text:_SlDrvClassifyRxMsg)
                  2000c388    000000dc                  : cc_pal.obj (.text:spi_Read)
                  2000c464    000000d4     ti.targets.arm.rtsarm.aem4 : LoggerBuf.oem4 (.text:xdc_runtime_LoggerBuf_write4__E)
                  2000c538    000000d0     sysbios.aem4 : m3_Hwi_asm.obj (.text:ti_sysbios_family_arm_m3_Hwi_dispatch__I)
                  2000c608    000000cc     simplelink.a : netapp.obj (.text:_sl_HandleAsync_DnsGetHostByService)
                  2000c6d4    000000cc                  : device.obj (.text:sl_DevGet)
                  2000c7a0    000000cc     sysbios.aem4 : BIOS.obj (.text:ti_sysbios_knl_Task_schedule__I)
                  2000c86c    000000cc     ti.targets.arm.rtsarm.aem4 : Core-smem.oem4 (.text:xdc_runtime_Core_constructObject__I)
                  2000c938    000000c4     simplelink.a : driver.obj (.text:_SlRemoveFromList)
                  2000c9fc    00000004     app_pem4.oem4 (.text:xdc_runtime_LoggerBuf_Module_GateProxy_enter__E)
                  2000ca00    000000c4     sysbios.aem4 : BIOS.obj (.text:ti_sysbios_family_arm_m3_Hwi_Module_startup__E)
                  2000cac4    000000c0     simplelink.a : driver.obj (.text:_SlDrvCmdOp)
                  2000cb84    00000004     app_pem4.oem4 (.text:xdc_runtime_LoggerBuf_Module_GateProxy_leave__E)
                  2000cb88    000000c0     sysbios.aem4 : BIOS.obj (.text:ti_sysbios_knl_Task_exit__E)
                  2000cc48    000000be     rtsv7M4_T_le_eabi.lib : xdnorm.obj (.text)
                  2000cd06    00000002     app_pem4.oem4 (.text:xdc_runtime_Startup_reset__I)
                  2000cd08    000000bc     sysbios.aem4 : BIOS.obj (.text:ti_sysbios_family_arm_m3_Hwi_excDebugMon__I)
                  2000cdc4    00000004     app_pem4.oem4 (.text:xdc_runtime_System_Module_GateProxy_enter__E)
                  2000cdc8    000000bc     sysbios.aem4 : BIOS.obj (.text:ti_sysbios_family_arm_m3_Hwi_excHardFault__I)
                  2000ce84    00000004     app_pem4.oem4 (.text:xdc_runtime_System_Module_GateProxy_leave__E)
                  2000ce88    000000bc     sysbios.aem4 : BIOS.obj (.text:ti_sysbios_knl_Task_startCore__E)
                  2000cf44    00000004     ti.targets.arm.rtsarm.aem4 : System.oem4 (.text:xdc_runtime_System_aprintf_va__F)
                  2000cf48    000000b4     sysbios.aem4 : BIOS.obj (.text:ti_sysbios_gates_GateMutex_enter__E)
                  2000cffc    00000004     ti.targets.arm.rtsarm.aem4 : System.oem4 (.text:xdc_runtime_System_printf_va__F)
                  2000d000    000000b4     sysbios.aem4 : BIOS.obj (.text:ti_sysbios_knl_Task_checkStacks__E)
                  2000d0b4    00000004     --HOLE-- [fill = 0]
                  2000d0b8    000000b4                  : BIOS.obj (.text:ti_sysbios_knl_Task_yield__E)
                  2000d16c    00000004     --HOLE-- [fill = 0]
                  2000d170    000000ac                  : BIOS.obj (.text:ti_sysbios_knl_Swi_post__E)
                  2000d21c    000000a8     driverlib.a : interrupt.obj (.text:IntEnable)
                  2000d2c4    00000004     --HOLE-- [fill = 0]
                  2000d2c8    000000a8     sysbios.aem4 : BIOS.obj (.text:ti_sysbios_knl_Task_blockI__E)
                  2000d370    000000a8                  : BIOS.obj (.text:ti_sysbios_knl_Task_postInit__I)
                  2000d418    000000a0     driverlib.a : spi.obj (.text:SPIConfigSetExpClk)
                  2000d4b8    000000a0     simplelink.a : driver.obj (.text:_SlDriverHandleError)
                  2000d558    000000a0     auto_init.aem4 : auto_init.oem4 (.text)
                  2000d5f8    000000a0     ti.targets.arm.rtsarm.aem4 : Text.oem4 (.text:xdc_runtime_Text_putMod__E)
                  2000d698    0000009c     rtsv7M4_T_le_eabi.lib : memcpy_t2.obj (.text)
                  2000d734    00000004     --HOLE-- [fill = 0]
                  2000d738    0000009c     sysbios.aem4 : BIOS.obj (.text:ti_sysbios_knl_Semaphore_Instance_init__E)
                  2000d7d4    0000009c     ti.targets.arm.rtsarm.aem4 : LoggerBuf.oem4 (.text:xdc_runtime_LoggerBuf_setFilterLevel__E)
                  2000d870    0000009a     simplelink.a : device.obj (.text:_SlDrvDeviceEventHandler)
                  2000d90a    00000002     --HOLE-- [fill = 0]
                  2000d90c    0000009a     ti.targets.arm.rtsarm.aem4 : Text.oem4 (.text:xdc_runtime_Text_putSite__E)
                  2000d9a6    00000002     --HOLE-- [fill = 0]
                  2000d9a8    00000098     simplelink.a : netcfg.obj (.text:sl_NetCfgSet)
                  2000da40    00000098                  : wlan.obj (.text:sl_WlanSet)
                  2000dad8    00000098     sysbios.aem4 : BIOS.obj (.text:ti_sysbios_knl_Mailbox_post__E)
                  2000db70    00000094     driverlib.a : prcm.obj (.text:PRCMPeripheralClockGet)
                  2000dc04    00000004     --HOLE-- [fill = 0]
                  2000dc08    00000094     sysbios.aem4 : BIOS.obj (.text:ti_sysbios_family_arm_m3_Hwi_Instance_init__E)
                  2000dc9c    00000090     simplelink.a : netapp.obj (.text:_sl_HandleAsync_DnsGetHostByName)
                  2000dd2c    00000090                  : netapp.obj (.text:_sl_HandleAsync_PingResponse)
                  2000ddbc    00000090                  : wlan.obj (.text:sl_WlanPolicySet)
                  2000de4c    00000004     --HOLE-- [fill = 0]
                  2000de50    00000090     sysbios.aem4 : BIOS.obj (.text:ti_sysbios_knl_Task_unblockI__E)
                  2000dee0    0000008c     simplelink.a : cc_pal.obj (.text:SetupDMAReceive)
                  2000df6c    0000008c                  : cc_pal.obj (.text:SetupDMASend)
                  2000dff8    0000008c                  : driver.obj (.text:_SlDrvIsTimeoutExpired)
                  2000e084    0000008c                  : device.obj (.text:_sl_HandleAsync_InitComplete)
                  2000e110    0000008c                  : cc_pal.obj (.text:spi_Write)
                  2000e19c    00000004     --HOLE-- [fill = 0]
                  2000e1a0    0000008c     sysbios.aem4 : BIOS.obj (.text:ti_sysbios_knl_Mailbox_pend__E)
                  2000e22c    00000088     driverlib.a : pin.obj (.text:PinConfigSet)
                  2000e2b4    00000088     rtsv7M4_T_le_eabi.lib : vsnprintf.obj (.text)
                  2000e33c    00000004     --HOLE-- [fill = 0]
                  2000e340    00000088     sysbios.aem4 : BIOS.obj (.text:ti_sysbios_family_arm_m3_Hwi_initNVIC__E)
                  2000e3c8    00000088                  : BIOS.obj (.text:ti_sysbios_knl_Mailbox_Module_startup__E)
                  2000e450    00000086     rtsv7M4_T_le_eabi.lib : fd_cmp_t2.obj (.text:__aeabi_cdcmple)
                  2000e4d6    00000086                           : fd_cmp_t2.obj (.text:__aeabi_cdrcmple)
                  2000e55c    00000084     simplelink.a : wlan.obj (.text:sl_WlanRxFilterSet)
                  2000e5e0    00000082     driverlib.a : gpio.obj (.text:GPIOIntTypeSet)
                  2000e662    00000002     --HOLE-- [fill = 0]
                  2000e664    00000080     simplelink.a : socket.obj (.text:_sl_HandleAsync_Connect)
                  2000e6e4    00000080                  : cc_pal.obj (.text:spi_Read_CPU)
                  2000e764    00000080                  : cc_pal.obj (.text:spi_Write_CPU)
                  2000e7e4    0000007a     rtsv7M4_T_le_eabi.lib : memset_t2.obj (.text)
                  2000e85e    00000002     --HOLE-- [fill = 0]
                  2000e860    00000078     simplelink.a : cc_pal.obj (.text:spi_Close)
                  2000e8d8    00000076     driverlib.a : uart.obj (.text:UARTConfigSetExpClk)
                  2000e94e    00000002     --HOLE-- [fill = 0]
                  2000e950    00000074     sysbios.aem4 : BIOS.obj (.text:ti_sysbios_family_arm_m3_Hwi_postInit__I)
                  2000e9c4    00000074     ti.targets.arm.rtsarm.aem4 : LoggerBuf.oem4 (.text:xdc_runtime_LoggerBuf_getFilterLevel__E)
                  2000ea38    00000070     sysbios.aem4 : BIOS.obj (.text:ti_sysbios_knl_Mailbox_Instance_finalize__E)
                  2000eaa8    0000006c     simplelink.a : driver.obj (.text:_SlDrvCmdSend)
                  2000eb14    0000006c                  : netapp.obj (.text:_sl_NetAppSendTokenValue)
                  2000eb80    0000006c     ti.targets.arm.rtsarm.aem4 : Error.oem4 (.text:xdc_runtime_Error_print__E)
                  2000ebec    0000006c                                : Memory.oem4 (.text:xdc_runtime_Memory_alloc__E)
                  2000ec58    0000006a     rtsv7M4_T_le_eabi.lib : copy_decompress_rle.obj (.text)
                  2000ecc2    00000002     --HOLE-- [fill = 0]
                  2000ecc4    00000068                           : trgmsg.obj (.text)
                  2000ed2c    00000066                           : xdunscal.obj (.text)
                  2000ed92    00000066     ti.targets.arm.rtsarm.aem4 : Core-mem.oem4 (.text:xdc_runtime_Core_deleteObject__I)
                  2000edf8    00000064     simplelink.a : socket.obj (.text:_sl_HandleAsync_Accept)
                  2000ee5c    00000064     pinmux.obj (.text)
                  2000eec0    00000064     simplelink.a : netapp.obj (.text:sl_NetAppMDNSUnRegisterService)
                  2000ef24    00000064     app_pem4.oem4 (.text:ti_sysbios_family_arm_m3_Hwi_create)
                  2000ef88    00000064     sysbios.aem4 : BIOS.obj (.text:ti_sysbios_family_arm_m3_TimestampProvider_get64__E)
                  2000efec    00000064     app_pem4.oem4 (.text:ti_sysbios_knl_Mailbox_create)
                  2000f050    00000064     driverlib.a : udma.obj (.text:uDMAChannelAttributeDisable)
                  2000f0b4    00000064                 : udma.obj (.text:uDMAChannelAttributeEnable)
                  2000f118    00000064     ti.targets.arm.rtsarm.aem4 : System.oem4 (.text:xdc_runtime_System_formatNum__I)
                  2000f17c    00000060     simplelink.a : wlan.obj (.text:sl_WlanProfileDel)
                  2000f1dc    00000060                  : wlan.obj (.text:sl_WlanSetMode)
                  2000f23c    00000004     --HOLE-- [fill = 0]
                  2000f240    00000060     sysbios.aem4 : BIOS.obj (.text:ti_sysbios_knl_Clock_logTick__E)
                  2000f2a0    0000005c                  : BIOS.obj (.text:ti_sysbios_knl_Swi_restoreHwi__E)
                  2000f2fc    00000004     --HOLE-- [fill = 0]
                  2000f300    0000005c                  : BIOS.obj (.text:ti_sysbios_knl_Swi_schedule__I)
                  2000f35c    0000005c     app_pem4.oem4 (.text:ti_sysbios_knl_Task_create)
                  2000f3b8    0000005c     app_pem4.oem4 (.text:xdc_runtime_LoggerBuf_Object__create__S)
                  2000f414    0000005b     ti.targets.arm.rtsarm.aem4 : Text.oem4 (.text:xdc_runtime_Text_putLab__E)
                  2000f46f    00000001     --HOLE-- [fill = 0]
                  2000f470    00000058     driverlib.a : interrupt.obj (.text:IntPendClear)
                  2000f4c8    00000058                 : prcm.obj (.text:PRCMPeripheralReset)
                  2000f520    00000058     sysbios.aem4 : BIOS.obj (.text:ti_sysbios_family_arm_m3_Timer_setPeriod__E)
                  2000f578    00000054     simplelink.a : socket.obj (.text:_sl_HandleAsync_Select)
                  2000f5cc    00000054     rtsv7M4_T_le_eabi.lib : ltoa.obj (.text)
                  2000f620    00000054     sysbios.aem4 : BIOS.obj (.text:ti_sysbios_family_arm_m3_Timer_start__E)
                  2000f674    00000054     ti.targets.arm.rtsarm.aem4 : Assert.oem4 (.text:xdc_runtime_Assert_raise__I)
                  2000f6c8    00000050     simplelink.a : driver.obj (.text:_SlDrvRxIrqHandler)
                  2000f718    00000050                  : device.obj (.text:_sl_HandleAsync_Stop)
                  2000f768    00000050     ti.targets.arm.rtsarm.aem4 : Startup.oem4 (.text:xdc_runtime_Startup_exec__E)
                  2000f7b8    00000050                                : Text.oem4 (.text:xdc_runtime_Text_visitRope2__I)
                  2000f808    0000004c     driverlib.a : spi.obj (.text:SPIIntEnable)
                  2000f854    0000004c     simplelink.a : driver.obj (.text:_SlDrvProtectAsyncRespSetting)
                  2000f8a0    0000004c     rtsv7M4_T_le_eabi.lib : atoi.obj (.text)
                  2000f8ec    0000004c                           : cpy_tbl.obj (.text)
                  2000f938    0000004c     sysbios.aem4 : m3_TaskSupport_asm.obj (.text:ti_sysbios_family_arm_m3_TaskSupport_buildTaskStack)
                  2000f984    00000004     --HOLE-- [fill = 0]
                  2000f988    0000004c                  : BIOS.obj (.text:ti_sysbios_heaps_HeapMem_getStats__E)
                  2000f9d4    00000004     --HOLE-- [fill = 0]
                  2000f9d8    0000004c                  : BIOS.obj (.text:ti_sysbios_knl_Swi_runLoop__I)
                  2000fa24    00000004     --HOLE-- [fill = 0]
                  2000fa28    0000004c                  : BIOS.obj (.text:ti_sysbios_knl_Task_allBlockedFunction__I)
                  2000fa74    0000004c     driverlib.a : udma.obj (.text:uDMAChannelAssign)
                  2000fac0    00000048                 : spi.obj (.text:SPIIntClear)
                  2000fb08    00000048     simplelink.a : driver.obj (.text:_SlDrvBasicCmd)
                  2000fb50    00000048     rtsv7M4_T_le_eabi.lib : fd_toi_t2.obj (.text)
                  2000fb98    00000048     sysbios.aem4 : BIOS.obj (.text:ti_sysbios_family_arm_m3_Hwi_disableInterrupt__E)
                  2000fbe0    00000048                  : BIOS.obj (.text:ti_sysbios_family_arm_m3_Hwi_enableInterrupt__E)
                  2000fc28    00000048                  : BIOS.obj (.text:ti_sysbios_family_arm_m3_Hwi_excReserved__I)
                  2000fc70    00000048                  : m3_Hwi_asm_switch.obj (.text:ti_sysbios_family_arm_m3_Hwi_initStacks__E)
                  2000fcb8    00000048                  : BIOS.obj (.text:ti_sysbios_family_arm_m3_Timer_initDevice__I)
                  2000fd00    00000046     rtsv7M4_T_le_eabi.lib : ldexp.obj (.text)
                  2000fd46    00000046     ti.targets.arm.rtsarm.aem4 : Core-params.oem4 (.text:xdc_runtime_Core_assignParams__I)
                  2000fd8c    00000044     driverlib.a : spi.obj (.text:SPIDmaMaskGet)
                  2000fdd0    00000044                 : timer.obj (.text:TimerConfigure)
                  2000fe14    00000044     boot.aem4 : boot.oem4 (.text)
                  2000fe58    00000044     simplelink.a : cc_pal.obj (.text:cc_SetupTransfer)
                  2000fe9c    00000044     rtsv7M4_T_le_eabi.lib : exit.obj (.text)
                  2000fee0    00000044     sysbios.aem4 : BIOS.obj (.text:ti_sysbios_family_arm_m3_Hwi_getStackInfo__E)
                  2000ff24    00000004     --HOLE-- [fill = 0]
                  2000ff28    00000044                  : BIOS.obj (.text:ti_sysbios_knl_Mailbox_postInit__I)
                  2000ff6c    00000044     ti.targets.arm.rtsarm.aem4 : Error.oem4 (.text:xdc_runtime_Error_setX__E)
                  2000ffb0    00000044                                : LoggerBuf.oem4 (.text:xdc_runtime_LoggerBuf_filterOutEvent__I)
                  2000fff4    00000044                                : SysMin.oem4 (.text:xdc_runtime_SysMin_flush__E)
                  20010038    00000044                                : Text.oem4 (.text:xdc_runtime_Text_xprintf__I)
                  2001007c    00000040     driverlib.a : pin.obj (.text:PinModeSet)
                  200100bc    00000040     simplelink.a : driver.obj (.text:_SlDrvSyncObjWaitTimeout)
                  200100fc    00000040     rtsv7M4_T_le_eabi.lib : signal.obj (.text)
                  2001013c    00000040                           : u_divt2.obj (.text)
                  2001017c    00000004     --HOLE-- [fill = 0]
                  20010180    00000040     sysbios.aem4 : BIOS.obj (.text:ti_sysbios_family_arm_m3_Timer_Module_startup__E)
                  200101c0    0000003e     app_pem4.oem4 (.text:realloc)
                  200101fe    0000003c     simplelink.a : netapp.obj (.text:CopyPingResultsToReport)
                  2001023a    00000002     --HOLE-- [fill = 0]
                  2001023c    0000003c     driverlib.a : prcm.obj (.text:PRCMPeripheralClkEnable)
                  20010278    0000003c     simplelink.a : cc_pal.obj (.text:simplelink_timerA2_start)
                  200102b4    00000004     --HOLE-- [fill = 0]
                  200102b8    0000003c     sysbios.aem4 : BIOS.obj (.text:ti_sysbios_family_arm_m3_Hwi_excSvCall__I)
                  200102f4    00000004     --HOLE-- [fill = 0]
                  200102f8    0000003c                  : BIOS.obj (.text:ti_sysbios_family_arm_m3_TaskSupport_start__E)
                  20010334    00000004     --HOLE-- [fill = 0]
                  20010338    0000003c                  : BIOS.obj (.text:ti_sysbios_heaps_HeapMem_init__I)
                  20010374    00000004     --HOLE-- [fill = 0]
                  20010378    0000003c                  : BIOS.obj (.text:ti_sysbios_knl_Swi_startup__E)
                  200103b4    0000003c     driverlib.a : udma.obj (.text:uDMAChannelControlSet)
                  200103f0    0000003a     ti.targets.arm.rtsarm.aem4 : LoggerBuf.oem4 (.text:xdc_runtime_LoggerBuf_Instance_init__E)
                  2001042a    00000002     --HOLE-- [fill = 0]
                  2001042c    00000038     simplelink.a : cc_pal.obj (.text:NwpPowerOff)
                  20010464    00000038                  : wlan.obj (.text:sl_WlanDisconnect)
                  2001049c    00000004     --HOLE-- [fill = 0]
                  200104a0    00000038     sysbios.aem4 : BIOS.obj (.text:ti_sysbios_family_arm_m3_Hwi_excNoIsr__I)
                  200104d8    00000038     ti.targets.arm.rtsarm.aem4 : SysMin.oem4 (.text:xdc_runtime_SysMin_putch__E)
                  20010510    00000038                                : System.oem4 (.text:xdc_runtime_System_atexit__E)
                  20010548    00000036     driverlib.a : gpio.obj (.text:GPIODirModeSet)
                  2001057e    00000002     --HOLE-- [fill = 0]
                  20010580    00000034                 : prcm.obj (.text:PRCMPeripheralStatusGet)
                  200105b4    00000034                 : spi.obj (.text:SPIFIFOLevelSet)
                  200105e8    00000034     rtsv7M4_T_le_eabi.lib : feraiseexcept.obj (.text)
                  2001061c    00000004     --HOLE-- [fill = 0]
                  20010620    00000034     sysbios.aem4 : BIOS.obj (.text:ti_sysbios_family_arm_m3_Hwi_excNmi__I)
                  20010654    00000004     --HOLE-- [fill = 0]
                  20010658    00000034                  : BIOS.obj (.text:ti_sysbios_family_arm_m3_Timer_periodicStub__I)
                  2001068c    00000004     --HOLE-- [fill = 0]
                  20010690    00000034                  : BIOS.obj (.text:ti_sysbios_hal_Hwi_checkStack)
                  200106c4    00000034     app_pem4.oem4 (.text:ti_sysbios_knl_Semaphore_create)
                  200106f8    00000034     ti.targets.arm.rtsarm.aem4 : Core-label.oem4 (.text:xdc_runtime_Core_assignLabel__I)
                  2001072c    00000033                                : Text.oem4 (.text:xdc_runtime_Text_printVisFxn__I)
                  2001075f    00000001     --HOLE-- [fill = 0]
                  20010760    00000032     sysbios.aem4 : BIOS.obj (.text:ti_sysbios_hal_Hwi_initStack)
                  20010792    00000006     driverlib.a : utils.obj (.text:UtilsDelay)
                  20010798    00000032     sysbios.aem4 : BIOS.obj (.text:ti_sysbios_knl_Semaphore_pendTimeout__I)
                  200107ca    00000030     driverlib.a : pin.obj (.text:PinTypeGPIO)
                  200107fa    00000002     --HOLE-- [fill = 0]
                  200107fc    00000030                 : uart.obj (.text:UARTDisable)
                  2001082c    00000030     rtsv7M4_T_le_eabi.lib : xferaise.obj (.text)
                  2001085c    00000030     app_pem4.oem4 (.text:ti_sysbios_BIOS_atExitFunc__I)
                  2001088c    00000030     app_pem4.oem4 (.text:ti_sysbios_gates_GateHwi_Object__create__S)
                  200108bc    00000030     app_pem4.oem4 (.text:ti_sysbios_gates_GateMutex_Object__create__S)
                  200108ec    00000030     app_pem4.oem4 (.text:ti_sysbios_heaps_HeapMem_Object__create__S)
                  2001091c    00000030     app_pem4.oem4 (.text:ti_sysbios_knl_Semaphore_construct)
                  2001094c    00000030     ti.targets.arm.rtsarm.aem4 : SysMin.oem4 (.text:xdc_runtime_SysMin_abort__E)
                  2001097c    00000030                                : System.oem4 (.text:xdc_runtime_System_processAtExit__E)
                  200109ac    0000002e     app_pem4.oem4 (.text:malloc)
                  200109da    0000002e     rtsv7M4_T_le_eabi.lib : i_tofd_t2.obj (.text)
                  20010a08    0000002e                           : raise.obj (.text)
                  20010a36    00000002     --HOLE-- [fill = 0]
                  20010a38    0000002c     simplelink.a : cc_pal.obj (.text:DmaSpiSwIntHandler)
                  20010a64    0000002c                  : cc_pal.obj (.text:NwpPowerOn)
                  20010a90    0000002c     driverlib.a : prcm.obj (.text:PRCMSysResetCauseGet)
                  20010abc    00000004     --HOLE-- [fill = 0]
                  20010ac0    0000002c     sysbios.aem4 : BIOS.obj (.text:ti_sysbios_family_arm_m3_Hwi_Instance_finalize__E)
                  20010aec    0000002c     app_pem4.oem4 (.text:ti_sysbios_knl_Clock_doTick__I)
                  20010b18    0000002c     app_pem4.oem4 (.text:ti_sysbios_knl_Queue_construct)
                  20010b44    00000004     --HOLE-- [fill = 0]
                  20010b48    0000002c     sysbios.aem4 : BIOS.obj (.text:ti_sysbios_knl_Task_restore__E)
                  20010b74    0000002c     ti.targets.arm.rtsarm.aem4 : Text.oem4 (.text:xdc_runtime_Text_cordText__E)
                  20010ba0    0000002a     driverlib.a : timer.obj (.text:TimerLoadSet)
                  20010bca    0000002a                 : timer.obj (.text:TimerPrescaleSet)
                  20010bf4    0000002a     ti.targets.arm.rtsarm.aem4 : System.oem4 (.text:xdc_runtime_System_putchar__I)
                  20010c1e    00000002     --HOLE-- [fill = 0]
                  20010c20    00000028     driverlib.a : prcm.obj (.text:PRCMPeripheralClkDisable)
                  20010c48    00000028     simplelink.a : driver.obj (.text:_SlDrvObjGlobalLockWaitForever)
                  20010c70    00000028                  : driver.obj (.text:_SlDrvProtectionObjLockWaitForever)
                  20010c98    00000028     sysbios.aem4 : BIOS.obj (.text:ti_sysbios_knl_Swi_Module_startup__E)
                  20010cc0    00000028     ti.targets.arm.rtsarm.aem4 : LoggerBuf.oem4 (.text:xdc_runtime_LoggerBuf_Module_startup__E)
                  20010ce8    00000026     simplelink.a : cc_pal.obj (.text:NwpRegisterInterruptHandler)
                  20010d0e    00000026     ti.targets.arm.rtsarm.aem4 : System.oem4 (.text:xdc_runtime_System_avprintf__E)
                  20010d34    00000024     driverlib.a : uart.obj (.text:UARTEnable)
                  20010d58    00000024     simplelink.a : driver.obj (.text:_SlDrvGlobalObjUnLock)
                  20010d7c    00000024                  : driver.obj (.text:_SlDrvProtectionObjUnLock)
                  20010da0    00000024                  : driver.obj (.text:_SlDrvSyncObjWaitForever)
                  20010dc4    00000024     rtsv7M4_T_le_eabi.lib : memmov.obj (.text)
                  20010de8    00000024     app_pem4.oem4 (.text:ti_sysbios_BIOS_errorRaiseHook__I)
                  20010e0c    00000024     app_pem4.oem4 (.text:ti_sysbios_BIOS_registerRTSLock__I)
                  20010e30    00000024     app_pem4.oem4 (.text:ti_sysbios_BIOS_removeRTSLock__I)
                  20010e54    00000024     app_pem4.oem4 (.text:ti_sysbios_BIOS_startFunc__I)
                  20010e78    00000024     sysbios.aem4 : BIOS.obj (.text:ti_sysbios_family_arm_m3_Hwi_doTaskRestore__I)
                  20010e9c    00000004     --HOLE-- [fill = 0]
                  20010ea0    00000024                  : BIOS.obj (.text:ti_sysbios_family_arm_m3_Timer_startup__E)
                  20010ec4    00000024     app_pem4.oem4 (.text:ti_sysbios_gates_GateMutex_Object__delete__S)
                  20010ee8    00000024     sysbios.aem4 : BIOS.obj (.text:ti_sysbios_knl_Clock_Module_startup__E)
                  20010f0c    00000024     app_pem4.oem4 (.text:ti_sysbios_knl_Semaphore_Object__delete__S)
                  20010f30    00000024     ti.targets.arm.rtsarm.aem4 : System.oem4 (.text:xdc_runtime_System_vprintf__E)
                  20010f54    00000022     driverlib.a : spi.obj (.text:SPIReset)
                  20010f76    00000022                 : spi.obj (.text:SPIWordCountSet)
                  20010f98    00000022     rtsv7M4_T_le_eabi.lib : frexp.obj (.text)
                  20010fba    00000022     app_pem4.oem4 (.text:xdc_runtime_SysMin_output__I)
                  20010fdc    00000020     driverlib.a : gpio.obj (.text:GPIOPinWrite)
                  20010ffc    00000020     simplelink.a : cc_pal.obj (.text:NwpPrePowerOffTimout0)
                  2001101c    00000020                  : cc_pal.obj (.text:TimerGetCurrentTimestamp)
                  2001103c    00000020     app_pem4.oem4 (.text:ti_sysbios_BIOS_rtsLock__I)
                  2001105c    00000020     app_pem4.oem4 (.text:ti_sysbios_family_arm_m3_Hwi_Object__delete__S)
                  2001107c    00000020     sysbios.aem4 : m3_Hwi_asm.obj (.text:ti_sysbios_family_arm_m3_Hwi_excHandlerAsm__I)
                  2001109c    00000004     --HOLE-- [fill = 0]
                  200110a0    00000020                  : BIOS.obj (.text:ti_sysbios_family_arm_m3_Hwi_excHandler__I)
                  200110c0    00000020                  : BIOS.obj (.text:ti_sysbios_family_arm_m3_TimestampProvider_Module_startup__E)
                  200110e0    00000020     app_pem4.oem4 (.text:ti_sysbios_gates_GateHwi_Object__delete__S)
                  20011100    00000020     app_pem4.oem4 (.text:ti_sysbios_heaps_HeapMem_Object__delete__S)
                  20011120    00000020     sysbios.aem4 : BIOS.obj (.text:ti_sysbios_knl_Idle_run__E)
                  20011140    00000020     app_pem4.oem4 (.text:ti_sysbios_knl_Mailbox_Object__delete__S)
                  20011160    00000020     app_pem4.oem4 (.text:ti_sysbios_knl_Semaphore_Object__destruct__S)
                  20011180    00000020     app_pem4.oem4 (.text:ti_sysbios_knl_Task_Object__delete__S)
                  200111a0    00000020     app_pem4.oem4 (.text:xdc_runtime_LoggerBuf_Object__delete__S)
                  200111c0    00000020     ti.targets.arm.rtsarm.aem4 : LoggerBuf.oem4 (.text:xdc_runtime_LoggerBuf_reset__E)
                  200111e0    00000020                                : Registry.oem4 (.text:xdc_runtime_Registry_findById__E)
                  20011200    00000020                                : SysMin.oem4 (.text:xdc_runtime_SysMin_Module_startup__E)
                  20011220    0000001e     driverlib.a : timer.obj (.text:TimerEnable)
                  2001123e    0000001e                 : uart.obj (.text:UARTCharPut)
                  2001125c    0000001e     simplelink.a : driver.obj (.text:_SlDrvSyncObjSignal)
                  2001127a    0000001e                  : cc_pal.obj (.text:cc_UDMAChannelSelect)
                  20011298    0000001e     sysbios.aem4 : m3_Hwi_asm_switch.obj (.text:ti_sysbios_family_xxx_Hwi_switchAndRunFunc)
                  200112b6    0000001c     driverlib.a : timer.obj (.text:TimerValueGet)
                  200112d2    0000001c                 : uart.obj (.text:UARTCharGetNonBlocking)
                  200112ee    0000001c     simplelink.a : driver.obj (.text:_SlDrvStartMeasureTimeout)
                  2001130a    0000001c     rtsv7M4_T_le_eabi.lib : memccpy.obj (.text)
                  20011326    00000002     --HOLE-- [fill = 0]
                  20011328    0000001c     sysbios.aem4 : BIOS.obj (.text:ti_sysbios_family_arm_m3_Hwi_setPriority__E)
                  20011344    00000004     --HOLE-- [fill = 0]
                  20011348    0000001c                  : BIOS.obj (.text:ti_sysbios_gates_GateMutex_Instance_init__E)
                  20011364    0000001c     app_pem4.oem4 (.text:ti_sysbios_knl_Queue_Object__destruct__S)
                  20011380    0000001c     sysbios.aem4 : BIOS.obj (.text:ti_sysbios_knl_Task_enter__I)
                  2001139c    0000001c     driverlib.a : udma.obj (.text:uDMAChannelEnable)
                  200113b8    0000001c     ti.targets.arm.rtsarm.aem4 : Error.oem4 (.text:xdc_runtime_Error_raiseX__E)
                  200113d4    0000001c                                : Memory.oem4 (.text:xdc_runtime_Memory_valloc__E)
                  200113f0    0000001c                                : SysMin.oem4 (.text:xdc_runtime_SysMin_exit__E)
                  2001140c    0000001c                                : System.oem4 (.text:xdc_runtime_System_abort__E)
                  20011428    0000001a     driverlib.a : gpio.obj (.text:GPIOIntEnable)
                  20011442    0000001a                 : pin.obj (.text:PinTypeUART)
                  2001145c    0000001a                 : spi.obj (.text:SPIDmaDisable)
                  20011476    0000001a                 : spi.obj (.text:SPIDmaEnable)
                  20011490    0000001a                 : spi.obj (.text:SPIFIFODisable)
                  200114aa    0000001a                 : spi.obj (.text:SPIFIFOEnable)
                  200114c4    0000001a     app_pem4.oem4 (.text:ti_sysbios_family_arm_m3_Hwi_Handle__label__S)
                  200114de    0000001a     sysbios.aem4 : m3_Hwi_asm.obj (.text:ti_sysbios_family_arm_m3_Hwi_pendSV__I)
                  200114f8    0000001a     app_pem4.oem4 (.text:ti_sysbios_gates_GateHwi_Handle__label__S)
                  20011512    0000001a     app_pem4.oem4 (.text:ti_sysbios_gates_GateMutex_Handle__label__S)
                  2001152c    0000001a     app_pem4.oem4 (.text:ti_sysbios_heaps_HeapMem_Handle__label__S)
                  20011546    0000001a     app_pem4.oem4 (.text:ti_sysbios_knl_Swi_Handle__label__S)
                  20011560    0000001a     app_pem4.oem4 (.text:ti_sysbios_knl_Task_Handle__label__S)
                  2001157a    00000006     rtsv7M4_T_le_eabi.lib : copy_decompress_rle.obj (.text:decompress:rle24)
                  20011580    0000001a     sysbios.aem4 : BIOS.obj (.text:ti_sysbios_knl_Task_sleepTimeout__I)
                  2001159a    0000001a     app_pem4.oem4 (.text:xdc_runtime_LoggerBuf_Handle__label__S)
                  200115b4    0000001a     app_pem4.oem4 (.text:xdc_runtime_System_aprintf__E)
                  200115ce    0000001a     app_pem4.oem4 (.text:xdc_runtime_System_printf__E)
                  200115e8    00000018     driverlib.a : gpio.obj (.text:GPIOPinRead)
                  20011600    00000018                 : spi.obj (.text:SPICSDisable)
                  20011618    00000018                 : spi.obj (.text:SPICSEnable)
                  20011630    00000018                 : spi.obj (.text:SPIDisable)
                  20011648    00000018                 : spi.obj (.text:SPIEnable)
                  20011660    00000018                 : uart.obj (.text:UARTCharsAvail)
                  20011678    00000018     simplelink.a : device.obj (.text:_sl_GetStartResponseConvert)
                  20011690    00000018     app_pem4.oem4 (.text:free)
                  200116a8    00000018     rtsv7M4_T_le_eabi.lib : args_main.obj (.text)
                  200116c0    00000018     app_pem4.oem4 (.text:ti_sysbios_BIOS_rtsUnlock__I)
                  200116d8    00000018     app_pem4.oem4 (.text:ti_sysbios_family_arm_m3_Hwi_Module__startupDone__F)
                  200116f0    00000018     app_pem4.oem4 (.text:ti_sysbios_family_arm_m3_Timer_Module__startupDone__F)
                  20011708    00000018     sysbios.aem4 : BIOS.obj (.text:ti_sysbios_gates_GateMutex_leave__E)
                  20011720    00000018     ti.targets.arm.rtsarm.aem4 : Error.oem4 (.text:xdc_runtime_Error_check__E)
                  20011738    00000018                                : System.oem4 (.text:xdc_runtime_System_exit__E)
                  20011750    00000018                                : Text.oem4 (.text:xdc_runtime_Text_ropeText__E)
                  20011768    00000016     driverlib.a : prcm.obj (.text:PRCMHIBRegRead)
                  2001177e    00000016                 : prcm.obj (.text:PRCMHIBRegWrite)
                  20011794    00000016     simplelink.a : driver.obj (.text:_SlDrvMemZero)
                  200117aa    00000016     rtsv7M4_T_le_eabi.lib : strchr.obj (.text)
                  200117c0    00000016     app_pem4.oem4 (.text:ti_sysbios_BIOS_exitFunc__I)
                  200117d6    00000014     driverlib.a : cpu.obj (.text:CPUcpsie)
                  200117ea    00000014                 : gpio.obj (.text:GPIOIntClear)
                  200117fe    00000002     --HOLE-- [fill = 0]
                  20011800    00000014     rtsv7M4_T_le_eabi.lib : _lock.obj (.text)
                  20011814    00000014                           : strcpy.obj (.text)
                  20011828    00000014                           : strlen.obj (.text)
                  2001183c    00000014     app_pem4.oem4 (.text:ti_sysbios_family_arm_m3_Hwi_Object__get__S)
                  20011850    00000014     sysbios.aem4 : BIOS.obj (.text:ti_sysbios_family_arm_m3_Hwi_switchFromBootStack__E)
                  20011864    00000014     app_pem4.oem4 (.text:ti_sysbios_heaps_HeapMem_Object__get__S)
                  20011878    00000014     app_pem4.oem4 (.text:ti_sysbios_knl_Swi_Object__get__S)
                  2001188c    00000014     app_pem4.oem4 (.text:xdc_runtime_LoggerBuf_Object__get__S)
                  200118a0    00000012     sysbios.aem4 : BIOS.obj (.text:ti_sysbios_hal_Hwi_Module_startup__E)
                  200118b2    00000006     ti.targets.arm.rtsarm.aem4 : System.oem4 (.text:xdc_runtime_System_Module_startup__E)
                  200118b8    00000012     sysbios.aem4 : BIOS.obj (.text:ti_sysbios_hal_Timer_Module_startup__E)
                  200118ca    00000012     ti.targets.arm.rtsarm.aem4 : LoggerBuf.oem4 (.text:xdc_runtime_LoggerBuf_Instance_finalize__E)
                  200118dc    00000012                                : LoggerBuf.oem4 (.text:xdc_runtime_LoggerBuf_write1__E)
                  200118ee    00000012                                : LoggerBuf.oem4 (.text:xdc_runtime_LoggerBuf_write2__E)
                  20011900    00000012     app_pem4.oem4 (.text:xdc_runtime_Startup_exec__I)
                  20011912    00000010     simplelink.a : driver.obj (.text:_SlDrvDispatchHttpServerEvents)
                  20011922    00000006     --HOLE-- [fill = 0]
                  20011928    00000010     sysbios.aem4 : BIOS.obj (.text:ti_sysbios_BIOS_setThreadType__E)
                  20011938    00000010                  : BIOS.obj (.text:ti_sysbios_BIOS_start__E)
                  20011948    00000010                  : BIOS.obj (.text:ti_sysbios_family_arm_m3_Hwi_getHandle__E)
                  20011958    00000010                  : m3_TaskSupport_asm.obj (.text:ti_sysbios_family_arm_m3_TaskSupport_glue)
                  20011968    00000010                  : m3_TaskSupport_asm.obj (.text:ti_sysbios_family_arm_m3_TaskSupport_swap__E)
                  20011978    00000010                  : BIOS.obj (.text:ti_sysbios_gates_GateMutex_Instance_finalize__E)
                  20011988    00000010     app_pem4.oem4 (.text:ti_sysbios_knl_Mailbox_Object__get__S)
                  20011998    00000010     sysbios.aem4 : BIOS.obj (.text:ti_sysbios_knl_Semaphore_Instance_finalize__E)
                  200119a8    00000010                  : BIOS.obj (.text:ti_sysbios_knl_Swi_disable__E)
                  200119b8    00000010     app_pem4.oem4 (.text:ti_sysbios_knl_Task_Object__get__S)
                  200119c8    00000010     sysbios.aem4 : BIOS.obj (.text:ti_sysbios_knl_Task_disable__E)
                  200119d8    00000010     ti.targets.arm.rtsarm.aem4 : Gate.oem4 (.text:xdc_runtime_Gate_leaveSystem__E)
                  200119e8    00000010                                : LoggerBuf.oem4 (.text:xdc_runtime_LoggerBuf_write0__E)
                  200119f8    00000010                                : Memory.oem4 (.text:xdc_runtime_Memory_free__E)
                  20011a08    00000010                                : SysMin.oem4 (.text:xdc_runtime_SysMin_ready__E)
                  20011a18    00000010                                : System.oem4 (.text:xdc_runtime_System_vsnprintf__E)
                  20011a28    00000010     app_pem4.oem4 (.text:xdc_runtime_Text_visitRope__I)
                  20011a38    0000000e     simplelink.a : driver.obj (.text:_SlDrvResetCmdExt)
                  20011a46    0000000e     rtsv7M4_T_le_eabi.lib : copy_decompress_none.obj (.text:decompress:none)
                  20011a54    00000004     --HOLE-- [fill = 0]
                  20011a58    0000000e     sysbios.aem4 : BIOS.obj (.text:ti_sysbios_knl_Idle_loop__E)
                  20011a66    00000002     --HOLE-- [fill = 0]
                  20011a68    0000000e                  : BIOS.obj (.text:ti_sysbios_knl_Queue_empty__E)
                  20011a76    00000002     --HOLE-- [fill = 0]
                  20011a78    0000000c     simplelink.a : cc_pal.obj (.text:NwpMaskInterrupt)
                  20011a84    0000000c                  : cc_pal.obj (.text:NwpUnMaskInterrupt)
                  20011a90    0000000c     rtsv7M4_T_le_eabi.lib : copy_zero_init.obj (.text:decompress:ZI)
                  20011a9c    0000000c     app_pem4.oem4 (.text:ti_sysbios_family_arm_m3_Hwi_Params__init__S)
                  20011aa8    0000000c     sysbios.aem4 : BIOS.obj (.text:ti_sysbios_family_arm_m3_Hwi_disableFxn__E)
                  20011ab4    00000004     --HOLE-- [fill = 0]
                  20011ab8    0000000c                  : BIOS.obj (.text:ti_sysbios_family_arm_m3_TaskSupport_checkStack__E)
                  20011ac4    00000004     --HOLE-- [fill = 0]
                  20011ac8    0000000c                  : BIOS.obj (.text:ti_sysbios_family_arm_m3_TaskSupport_getStackAlignment__E)
                  20011ad4    00000004     --HOLE-- [fill = 0]
                  20011ad8    0000000c                  : BIOS.obj (.text:ti_sysbios_gates_GateHwi_enter__E)
                  20011ae4    0000000c     app_pem4.oem4 (.text:ti_sysbios_knl_Queue_Object__get__S)
                  20011af0    0000000c     app_pem4.oem4 (.text:ti_sysbios_knl_Semaphore_Params__init__S)
                  20011afc    0000000c     app_pem4.oem4 (.text:ti_sysbios_knl_Task_Params__init__S)
                  20011b08    0000000c     ti.targets.arm.rtsarm.aem4 : Error.oem4 (.text:xdc_runtime_Error_init__E)
                  20011b14    0000000c                                : Gate.oem4 (.text:xdc_runtime_Gate_enterSystem__E)
                  20011b20    0000000c                                : Memory.oem4 (.text:xdc_runtime_Memory_calloc__E)
                  20011b2c    0000000c                                : Memory.oem4 (.text:xdc_runtime_Memory_getMaxDefaultTypeAlign__E)
                  20011b38    0000000a     driverlib.a : interrupt.obj (.text:IntMasterEnable)
                  20011b42    0000000a     app_pem4.oem4 (.text:xdc_runtime_IHeap_alloc)
                  20011b4c    0000000a     app_pem4.oem4 (.text:xdc_runtime_IHeap_free)
                  20011b56    0000000a     ti.targets.arm.rtsarm.aem4 : LoggerBuf.oem4 (.text:xdc_runtime_LoggerBuf_disable__E)
                  20011b60    0000000a                                : LoggerBuf.oem4 (.text:xdc_runtime_LoggerBuf_enable__E)
                  20011b6a    00000006     --HOLE-- [fill = 0]
                  20011b70    00000008     sysbios.aem4 : BIOS.obj (.text:ti_sysbios_family_arm_m3_Hwi_doSwiRestore__I)
                  20011b78    00000008                  : BIOS.obj (.text:ti_sysbios_family_arm_m3_Hwi_startup__E)
                  20011b80    00000006                  : BIOS.obj (.text:ti_sysbios_family_arm_m3_Hwi_restoreFxn__E)
                  20011b86    00000002     --HOLE-- [fill = 0]
                  20011b88    00000006                  : BIOS.obj (.text:ti_sysbios_gates_GateHwi_leave__E)
                  20011b8e    00000002     --HOLE-- [fill = 0]
                  20011b90    00000006                  : BIOS.obj (.text:ti_sysbios_heaps_HeapMem_isBlocking__E)
                  20011b96    00000002     --HOLE-- [fill = 0]
                  20011b98    00000006                  : BIOS.obj (.text:ti_sysbios_knl_Queue_Instance_init__E)
                  20011b9e    00000002     --HOLE-- [fill = 0]
                  20011ba0    00000004                  : BIOS.obj (.text:ti_sysbios_family_arm_m3_Timer_getMaxTicks__E)
                  20011ba4    00000004     --HOLE-- [fill = 0]
                  20011ba8    00000004                  : BIOS.obj (.text:ti_sysbios_gates_GateHwi_query__E)
                  20011bac    00000004     --HOLE-- [fill = 0]
                  20011bb0    00000004                  : BIOS.obj (.text:ti_sysbios_gates_GateMutex_query__E)
                  20011bb4    00000004     --HOLE-- [fill = 0]
                  20011bb8    00000004                  : BIOS.obj (.text:ti_sysbios_knl_Task_startup__E)
                  20011bbc    00000004     --HOLE-- [fill = 0]
                  20011bc0    00000002                  : BIOS.obj (.text:ti_sysbios_gates_GateHwi_Instance_init__E)

.const     0    20011bc4    000024a8     
                  20011bc4    0000180f     app_pem4.oem4 (.const:xdc_runtime_Text_charTab__A)
                  200133d3    00000101     rtsv7M4_T_le_eabi.lib : ctype.obj (.const:.string:_ctypes_)
                  200134d4    00000100     driverlib.a : pin.obj (.const:g_ulPinToPadMap)
                  200135d4    000000b8     app_pem4.oem4 (.const:xdc_runtime_Text_nodeTab__A)
                  2001368c    000000a8     driverlib.a : prcm.obj (.const:PRCM_PeriphRegsList)
                  20013734    00000088     main.obj (.const)
                  200137bc    00000080     driverlib.a : interrupt.obj (.const)
                  2001383c    00000048     app_pem4.oem4 (.const:.string)
                  20013884    0000003c     main.obj (.const:.string)
                  200138c0    0000003c     simplelink.a : driver.obj (.const:OpcodeTranslateTable)
                  200138fc    0000003c     app_pem4.oem4 (.const:ti_sysbios_knl_Task_Object__PARAMS__C)
                  20013938    0000003c     app_pem4.oem4 (.const:xdc_runtime_LoggerBuf_Module__FXNS__C)
                  20013974    00000038     simplelink.a : driver.obj (.const:_SlActionLookupTable)
                  200139ac    00000034     app_pem4.oem4 (.const:ti_sysbios_knl_Mailbox_Object__PARAMS__C)
                  200139e0    00000030     app_pem4.oem4 (.const:ti_sysbios_family_arm_m3_Hwi_Object__PARAMS__C)
                  20013a10    00000030     app_pem4.oem4 (.const:xdc_runtime_Startup_sfxnTab__A)
                  20013a40    0000002c     main.obj (.const:$P$T1$2)
                  20013a6c    00000028     app_pem4.oem4 (.const:ti_sysbios_heaps_HeapMem_Module__FXNS__C)
                  20013a94    00000024     app_pem4.oem4 (.const:ti_sysbios_gates_GateHwi_Module__FXNS__C)
                  20013ab8    00000024     app_pem4.oem4 (.const:ti_sysbios_gates_GateMutex_Module__FXNS__C)
                  20013adc    00000024     app_pem4.oem4 (.const:ti_sysbios_heaps_HeapMem_Object__PARAMS__C)
                  20013b00    00000024     app_pem4.oem4 (.const:ti_sysbios_knl_Semaphore_Object__PARAMS__C)
                  20013b24    00000024     app_pem4.oem4 (.const:xdc_runtime_LoggerBuf_Object__PARAMS__C)
                  20013b48    00000022     main.obj (.const:.string:$P$T0$1)
                  20013b6a    00000002     app_pem4.oem4 (.const:ti_sysbios_family_arm_m3_Hwi_Module__id__C)
                  20013b6c    00000020     simplelink.a : driver.obj (.const:RxMsgClassLUT)
                  20013b8c    00000020     app_pem4.oem4 (.const:ti_sysbios_family_arm_m3_Hwi_Object__DESC__C)
                  20013bac    00000020     app_pem4.oem4 (.const:ti_sysbios_gates_GateHwi_Object__DESC__C)
                  20013bcc    00000020     app_pem4.oem4 (.const:ti_sysbios_gates_GateMutex_Object__DESC__C)
                  20013bec    00000020     app_pem4.oem4 (.const:ti_sysbios_heaps_HeapMem_Object__DESC__C)
                  20013c0c    00000020     app_pem4.oem4 (.const:ti_sysbios_knl_Mailbox_Object__DESC__C)
                  20013c2c    00000020     app_pem4.oem4 (.const:ti_sysbios_knl_Queue_Object__DESC__C)
                  20013c4c    00000020     app_pem4.oem4 (.const:ti_sysbios_knl_Semaphore_Object__DESC__C)
                  20013c6c    00000020     app_pem4.oem4 (.const:ti_sysbios_knl_Task_Object__DESC__C)
                  20013c8c    00000020     app_pem4.oem4 (.const:xdc_runtime_LoggerBuf_Object__DESC__C)
                  20013cac    00000018     driverlib.a : spi.obj (.const)
                  20013cc4    00000018     app_pem4.oem4 (.const:ti_sysbios_gates_GateHwi_Object__PARAMS__C)
                  20013cdc    00000018     app_pem4.oem4 (.const:ti_sysbios_gates_GateMutex_Object__PARAMS__C)
                  20013cf4    00000018     app_pem4.oem4 (.const:ti_sysbios_knl_Queue_Object__PARAMS__C)
                  20013d0c    00000018     app_pem4.oem4 (.const:xdc_runtime_Startup_sfxnRts__A)
                  20013d24    00000014     simplelink.a : driver.obj (.const:$P$T0$1)
                  20013d38    00000011     ti.targets.arm.rtsarm.aem4 : System.oem4 (.const:.string)
                  20013d49    00000001     app_pem4.oem4 (.const:xdc_runtime_Error_policy__C)
                  20013d4a    00000002     app_pem4.oem4 (.const:ti_sysbios_family_arm_m3_Hwi_Module__loggerDefined__C)
                  20013d4c    0000000c     app_pem4.oem4 (.const:xdc_runtime_Startup_firstFxns__A)
                  20013d58    00000008     simplelink.a : device.obj (.const:StartResponseLUT)
                  20013d60    00000008                  : driver.obj (.const:g_H2NCnysPattern)
                  20013d68    00000008                  : driver.obj (.const:g_H2NSyncPattern)
                  20013d70    00000008     app_pem4.oem4 (.const:ti_sysbios_family_arm_m3_Hwi_excHookFuncs__A)
                  20013d78    00000008     app_pem4.oem4 (.const:ti_sysbios_knl_Idle_funcList__C)
                  20013d80    00000008     app_pem4.oem4 (.const:xdc_runtime_Startup_firstFxns__C)
                  20013d88    00000008     app_pem4.oem4 (.const:xdc_runtime_Startup_lastFxns__C)
                  20013d90    00000004     simplelink.a : netapp.obj (.const:$P$T0$1)
                  20013d94    00000004                  : wlan.obj (.const:$P$T0$1)
                  20013d98    00000004                  : device.obj (.const:_SlDeviceGetCmdCtrl)
                  20013d9c    00000004                  : netapp.obj (.const:_SlGetHostByNameCtrl)
                  20013da0    00000004                  : netapp.obj (.const:_SlNetAppSendTokenValueCmdCtrl)
                  20013da4    00000004                  : netcfg.obj (.const:_SlNetCfgSetCmdCtrl)
                  20013da8    00000004                  : wlan.obj (.const:_SlPolicySetCmdCtrl)
                  20013dac    00000004                  : wlan.obj (.const:_SlProfileDelCmdCtrl)
                  20013db0    00000004                  : netapp.obj (.const:_SlRegisterServiceCtrl)
                  20013db4    00000004                  : wlan.obj (.const:_SlRxFilterSetCmdCtrl)
                  20013db8    00000004                  : device.obj (.const:_SlStopCmdCtrl)
                  20013dbc    00000004                  : wlan.obj (.const:_SlWlanCfgSetCmdCtrl)
                  20013dc0    00000004                  : wlan.obj (.const:_SlWlanSetModeCmdCtrl)
                  20013dc4    00000004     app_pem4.oem4 (.const:ti_sysbios_family_arm_m3_Hwi_E_NMI__C)
                  20013dc8    00000004     app_pem4.oem4 (.const:ti_sysbios_family_arm_m3_Hwi_E_alreadyDefined__C)
                  20013dcc    00000004     app_pem4.oem4 (.const:ti_sysbios_family_arm_m3_Hwi_E_busFault__C)
                  20013dd0    00000004     app_pem4.oem4 (.const:ti_sysbios_family_arm_m3_Hwi_E_debugMon__C)
                  20013dd4    00000004     app_pem4.oem4 (.const:ti_sysbios_family_arm_m3_Hwi_E_hardFault__C)
                  20013dd8    00000004     app_pem4.oem4 (.const:ti_sysbios_family_arm_m3_Hwi_E_memFault__C)
                  20013ddc    00000004     app_pem4.oem4 (.const:ti_sysbios_family_arm_m3_Hwi_E_noIsr__C)
                  20013de0    00000004     app_pem4.oem4 (.const:ti_sysbios_family_arm_m3_Hwi_E_reserved__C)
                  20013de4    00000004     app_pem4.oem4 (.const:ti_sysbios_family_arm_m3_Hwi_E_svCall__C)
                  20013de8    00000004     app_pem4.oem4 (.const:ti_sysbios_family_arm_m3_Hwi_E_usageFault__C)
                  20013dec    00000004     app_pem4.oem4 (.const:ti_sysbios_family_arm_m3_Hwi_LD_end__C)
                  20013df0    00000004     app_pem4.oem4 (.const:ti_sysbios_family_arm_m3_Hwi_LM_begin__C)
                  20013df4    00000004     app_pem4.oem4 (.const:ti_sysbios_family_arm_m3_Hwi_Module__diagsEnabled__C)
                  20013df8    00000004     app_pem4.oem4 (.const:ti_sysbios_family_arm_m3_Hwi_Module__diagsIncluded__C)
                  20013dfc    00000004     app_pem4.oem4 (.const:ti_sysbios_family_arm_m3_Hwi_Module__diagsMask__C)
                  20013e00    00000004     app_pem4.oem4 (.const:ti_sysbios_family_arm_m3_Hwi_Module__loggerFxn1__C)
                  20013e04    00000004     app_pem4.oem4 (.const:ti_sysbios_family_arm_m3_Hwi_Module__loggerFxn8__C)
                  20013e08    00000004     app_pem4.oem4 (.const:ti_sysbios_family_arm_m3_Hwi_Module__loggerObj__C)
                  20013e0c    00000004     app_pem4.oem4 (.const:ti_sysbios_family_arm_m3_Hwi_NUM_INTERRUPTS__C)
                  20013e10    00000004     app_pem4.oem4 (.const:ti_sysbios_family_arm_m3_Hwi_Object__count__C)
                  20013e14    00000004     app_pem4.oem4 (.const:ti_sysbios_family_arm_m3_Hwi_ccr__C)
                  20013e18    00000004     app_pem4.oem4 (.const:ti_sysbios_family_arm_m3_Hwi_excHandlerFunc__C)
                  20013e1c    00000004     app_pem4.oem4 (.const:ti_sysbios_family_arm_m3_Hwi_excHookFuncs__C)
                  20013e20    00000004     app_pem4.oem4 (.const:ti_sysbios_family_arm_m3_Hwi_nullIsrFunc__C)
                  20013e24    00000004     app_pem4.oem4 (.const:ti_sysbios_family_arm_m3_Hwi_priGroup__C)
                  20013e28    00000004     app_pem4.oem4 (.const:ti_sysbios_family_arm_m3_TaskSupport_stackAlignment__C)
                  20013e2c    00000004     app_pem4.oem4 (.const:ti_sysbios_family_arm_m3_Timer_E_cannotSupport__C)
                  20013e30    00000004     app_pem4.oem4 (.const:ti_sysbios_family_arm_m3_Timer_startupNeeded__C)
                  20013e34    00000004     app_pem4.oem4 (.const:ti_sysbios_gates_GateMutex_A_badContext__C)
                  20013e38    00000004     app_pem4.oem4 (.const:ti_sysbios_gates_GateMutex_Instance_State_sem__O)
                  20013e3c    00000004     app_pem4.oem4 (.const:ti_sysbios_gates_GateMutex_Module__diagsEnabled__C)
                  20013e40    00000004     app_pem4.oem4 (.const:ti_sysbios_gates_GateMutex_Module__diagsIncluded__C)
                  20013e44    00000004     app_pem4.oem4 (.const:ti_sysbios_gates_GateMutex_Module__diagsMask__C)
                  20013e48    00000004     app_pem4.oem4 (.const:ti_sysbios_hal_Hwi_E_stackOverflow__C)
                  20013e4c    00000004     app_pem4.oem4 (.const:ti_sysbios_heaps_HeapMem_A_align__C)
                  20013e50    00000004     app_pem4.oem4 (.const:ti_sysbios_heaps_HeapMem_A_heapSize__C)
                  20013e54    00000004     app_pem4.oem4 (.const:ti_sysbios_heaps_HeapMem_A_invalidFree__C)
                  20013e58    00000004     app_pem4.oem4 (.const:ti_sysbios_heaps_HeapMem_A_zeroBlock__C)
                  20013e5c    00000004     app_pem4.oem4 (.const:ti_sysbios_heaps_HeapMem_E_memory__C)
                  20013e60    00000004     app_pem4.oem4 (.const:ti_sysbios_heaps_HeapMem_Module__diagsEnabled__C)
                  20013e64    00000004     app_pem4.oem4 (.const:ti_sysbios_heaps_HeapMem_Module__diagsIncluded__C)
                  20013e68    00000004     app_pem4.oem4 (.const:ti_sysbios_heaps_HeapMem_Module__diagsMask__C)
                  20013e6c    00000004     app_pem4.oem4 (.const:ti_sysbios_heaps_HeapMem_Module__gateObj__C)
                  20013e70    00000004     app_pem4.oem4 (.const:ti_sysbios_heaps_HeapMem_Object__count__C)
                  20013e74    00000004     app_pem4.oem4 (.const:ti_sysbios_heaps_HeapMem_reqAlign__C)
                  20013e78    00000004     app_pem4.oem4 (.const:ti_sysbios_knl_Clock_LM_begin__C)
                  20013e7c    00000004     app_pem4.oem4 (.const:ti_sysbios_knl_Clock_LM_tick__C)
                  20013e80    00000004     app_pem4.oem4 (.const:ti_sysbios_knl_Clock_LW_delayed__C)
                  20013e84    00000004     app_pem4.oem4 (.const:ti_sysbios_knl_Clock_Module_State_clockQ__O)
                  20013e88    00000004     app_pem4.oem4 (.const:ti_sysbios_knl_Clock_Module__diagsEnabled__C)
                  20013e8c    00000004     app_pem4.oem4 (.const:ti_sysbios_knl_Clock_Module__diagsIncluded__C)
                  20013e90    00000004     app_pem4.oem4 (.const:ti_sysbios_knl_Clock_Module__diagsMask__C)
                  20013e94    00000004     app_pem4.oem4 (.const:ti_sysbios_knl_Clock_Module__loggerFxn1__C)
                  20013e98    00000004     app_pem4.oem4 (.const:ti_sysbios_knl_Clock_Module__loggerFxn2__C)
                  20013e9c    00000004     app_pem4.oem4 (.const:ti_sysbios_knl_Clock_Module__loggerObj__C)
                  20013ea0    00000004     app_pem4.oem4 (.const:ti_sysbios_knl_Clock_tickPeriod__C)
                  20013ea4    00000004     app_pem4.oem4 (.const:ti_sysbios_knl_Idle_funcList__A)
                  20013ea8    00000004     app_pem4.oem4 (.const:ti_sysbios_knl_Mailbox_A_invalidBufSize__C)
                  20013eac    00000004     app_pem4.oem4 (.const:ti_sysbios_knl_Mailbox_Instance_State_dataQue__O)
                  20013eb0    00000004     app_pem4.oem4 (.const:ti_sysbios_knl_Mailbox_Instance_State_dataSem__O)
                  20013eb4    00000004     app_pem4.oem4 (.const:ti_sysbios_knl_Mailbox_Instance_State_freeQue__O)
                  20013eb8    00000004     app_pem4.oem4 (.const:ti_sysbios_knl_Mailbox_Instance_State_freeSem__O)
                  20013ebc    00000004     app_pem4.oem4 (.const:ti_sysbios_knl_Mailbox_Module__diagsEnabled__C)
                  20013ec0    00000004     app_pem4.oem4 (.const:ti_sysbios_knl_Mailbox_Module__diagsIncluded__C)
                  20013ec4    00000004     app_pem4.oem4 (.const:ti_sysbios_knl_Mailbox_Module__diagsMask__C)
                  20013ec8    00000004     app_pem4.oem4 (.const:ti_sysbios_knl_Mailbox_Object__count__C)
                  20013ecc    00000004     app_pem4.oem4 (.const:ti_sysbios_knl_Mailbox_maxTypeAlign__C)
                  20013ed0    00000004     app_pem4.oem4 (.const:ti_sysbios_knl_Semaphore_A_badContext__C)
                  20013ed4    00000004     app_pem4.oem4 (.const:ti_sysbios_knl_Semaphore_A_noEvents__C)
                  20013ed8    00000004     app_pem4.oem4 (.const:ti_sysbios_knl_Semaphore_A_overflow__C)
                  20013edc    00000004     app_pem4.oem4 (.const:ti_sysbios_knl_Semaphore_A_pendTaskDisabled__C)
                  20013ee0    00000004     app_pem4.oem4 (.const:ti_sysbios_knl_Semaphore_Instance_State_pendQ__O)
                  20013ee4    00000004     app_pem4.oem4 (.const:ti_sysbios_knl_Semaphore_LM_pend__C)
                  20013ee8    00000004     app_pem4.oem4 (.const:ti_sysbios_knl_Semaphore_LM_post__C)
                  20013eec    00000004     app_pem4.oem4 (.const:ti_sysbios_knl_Semaphore_Module__diagsEnabled__C)
                  20013ef0    00000004     app_pem4.oem4 (.const:ti_sysbios_knl_Semaphore_Module__diagsIncluded__C)
                  20013ef4    00000004     app_pem4.oem4 (.const:ti_sysbios_knl_Semaphore_Module__diagsMask__C)
                  20013ef8    00000004     app_pem4.oem4 (.const:ti_sysbios_knl_Semaphore_Module__loggerFxn2__C)
                  20013efc    00000004     app_pem4.oem4 (.const:ti_sysbios_knl_Semaphore_Module__loggerFxn4__C)
                  20013f00    00000004     app_pem4.oem4 (.const:ti_sysbios_knl_Semaphore_Module__loggerObj__C)
                  20013f04    00000004     app_pem4.oem4 (.const:ti_sysbios_knl_Swi_LD_end__C)
                  20013f08    00000004     app_pem4.oem4 (.const:ti_sysbios_knl_Swi_LM_begin__C)
                  20013f0c    00000004     app_pem4.oem4 (.const:ti_sysbios_knl_Swi_LM_post__C)
                  20013f10    00000004     app_pem4.oem4 (.const:ti_sysbios_knl_Swi_Module__diagsEnabled__C)
                  20013f14    00000004     app_pem4.oem4 (.const:ti_sysbios_knl_Swi_Module__diagsIncluded__C)
                  20013f18    00000004     app_pem4.oem4 (.const:ti_sysbios_knl_Swi_Module__diagsMask__C)
                  20013f1c    00000004     app_pem4.oem4 (.const:ti_sysbios_knl_Swi_Module__loggerFxn1__C)
                  20013f20    00000004     app_pem4.oem4 (.const:ti_sysbios_knl_Swi_Module__loggerFxn4__C)
                  20013f24    00000004     app_pem4.oem4 (.const:ti_sysbios_knl_Swi_Module__loggerObj__C)
                  20013f28    00000004     app_pem4.oem4 (.const:ti_sysbios_knl_Swi_Object__count__C)
                  20013f2c    00000004     app_pem4.oem4 (.const:ti_sysbios_knl_Task_A_badPriority__C)
                  20013f30    00000004     app_pem4.oem4 (.const:ti_sysbios_knl_Task_A_badTaskState__C)
                  20013f34    00000004     app_pem4.oem4 (.const:ti_sysbios_knl_Task_A_badThreadType__C)
                  20013f38    00000004     app_pem4.oem4 (.const:ti_sysbios_knl_Task_A_badTimeout__C)
                  20013f3c    00000004     app_pem4.oem4 (.const:ti_sysbios_knl_Task_A_noPendElem__C)
                  20013f40    00000004     app_pem4.oem4 (.const:ti_sysbios_knl_Task_A_sleepTaskDisabled__C)
                  20013f44    00000004     app_pem4.oem4 (.const:ti_sysbios_knl_Task_E_spOutOfBounds__C)
                  20013f48    00000004     app_pem4.oem4 (.const:ti_sysbios_knl_Task_E_stackOverflow__C)
                  20013f4c    00000004     app_pem4.oem4 (.const:ti_sysbios_knl_Task_LD_block__C)
                  20013f50    00000004     app_pem4.oem4 (.const:ti_sysbios_knl_Task_LD_exit__C)
                  20013f54    00000004     app_pem4.oem4 (.const:ti_sysbios_knl_Task_LD_ready__C)
                  20013f58    00000004     app_pem4.oem4 (.const:ti_sysbios_knl_Task_LM_sleep__C)
                  20013f5c    00000004     app_pem4.oem4 (.const:ti_sysbios_knl_Task_LM_switch__C)
                  20013f60    00000004     app_pem4.oem4 (.const:ti_sysbios_knl_Task_LM_yield__C)
                  20013f64    00000004     app_pem4.oem4 (.const:ti_sysbios_knl_Task_Module_State_inactiveQ__O)
                  20013f68    00000004     app_pem4.oem4 (.const:ti_sysbios_knl_Task_Module__diagsEnabled__C)
                  20013f6c    00000004     app_pem4.oem4 (.const:ti_sysbios_knl_Task_Module__diagsIncluded__C)
                  20013f70    00000004     app_pem4.oem4 (.const:ti_sysbios_knl_Task_Module__diagsMask__C)
                  20013f74    00000004     app_pem4.oem4 (.const:ti_sysbios_knl_Task_Module__loggerFxn2__C)
                  20013f78    00000004     app_pem4.oem4 (.const:ti_sysbios_knl_Task_Module__loggerFxn4__C)
                  20013f7c    00000004     app_pem4.oem4 (.const:ti_sysbios_knl_Task_Module__loggerObj__C)
                  20013f80    00000004     app_pem4.oem4 (.const:ti_sysbios_knl_Task_Object__count__C)
                  20013f84    00000004     app_pem4.oem4 (.const:ti_sysbios_knl_Task_allBlockedFunc__C)
                  20013f88    00000004     app_pem4.oem4 (.const:ti_sysbios_knl_Task_defaultStackHeap__C)
                  20013f8c    00000004     app_pem4.oem4 (.const:ti_sysbios_knl_Task_defaultStackSize__C)
                  20013f90    00000004     app_pem4.oem4 (.const:ti_sysbios_knl_Task_numConstructedTasks__C)
                  20013f94    00000004     app_pem4.oem4 (.const:xdc_runtime_Assert_E_assertFailed__C)
                  20013f98    00000004     app_pem4.oem4 (.const:xdc_runtime_Core_A_initializedParams__C)
                  20013f9c    00000004     app_pem4.oem4 (.const:xdc_runtime_Core_Module__diagsEnabled__C)
                  20013fa0    00000004     app_pem4.oem4 (.const:xdc_runtime_Core_Module__diagsIncluded__C)
                  20013fa4    00000004     app_pem4.oem4 (.const:xdc_runtime_Core_Module__diagsMask__C)
                  20013fa8    00000004     app_pem4.oem4 (.const:xdc_runtime_Error_E_memory__C)
                  20013fac    00000004     app_pem4.oem4 (.const:xdc_runtime_Error_Module__diagsEnabled__C)
                  20013fb0    00000004     app_pem4.oem4 (.const:xdc_runtime_Error_Module__diagsIncluded__C)
                  20013fb4    00000004     app_pem4.oem4 (.const:xdc_runtime_Error_Module__diagsMask__C)
                  20013fb8    00000004     app_pem4.oem4 (.const:xdc_runtime_Error_Module__loggerFxn8__C)
                  20013fbc    00000004     app_pem4.oem4 (.const:xdc_runtime_Error_Module__loggerObj__C)
                  20013fc0    00000004     app_pem4.oem4 (.const:xdc_runtime_Error_policyFxn__C)
                  20013fc4    00000004     app_pem4.oem4 (.const:xdc_runtime_Error_raiseHook__C)
                  20013fc8    00000004     app_pem4.oem4 (.const:xdc_runtime_IFilterLogger_Interface__BASE__C)
                  20013fcc    00000004     app_pem4.oem4 (.const:xdc_runtime_IGateProvider_Interface__BASE__C)
                  20013fd0    00000004     app_pem4.oem4 (.const:xdc_runtime_IHeap_Interface__BASE__C)
                  20013fd4    00000004     app_pem4.oem4 (.const:xdc_runtime_ILogger_Interface__BASE__C)
                  20013fd8    00000004     app_pem4.oem4 (.const:xdc_runtime_IModule_Interface__BASE__C)
                  20013fdc    00000004     app_pem4.oem4 (.const:xdc_runtime_Log_L_error__C)
                  20013fe0    00000004     app_pem4.oem4 (.const:xdc_runtime_LoggerBuf_E_badLevel__C)
                  20013fe4    00000004     app_pem4.oem4 (.const:xdc_runtime_LoggerBuf_Module__gateObj__C)
                  20013fe8    00000004     app_pem4.oem4 (.const:xdc_runtime_LoggerBuf_Object__count__C)
                  20013fec    00000004     app_pem4.oem4 (.const:xdc_runtime_LoggerBuf_statusLogger__C)
                  20013ff0    00000004     app_pem4.oem4 (.const:xdc_runtime_Memory_defaultHeapInstance__C)
                  20013ff4    00000004     app_pem4.oem4 (.const:xdc_runtime_Startup_execImpl__C)
                  20013ff8    00000004     app_pem4.oem4 (.const:xdc_runtime_Startup_maxPasses__C)
                  20013ffc    00000004     app_pem4.oem4 (.const:xdc_runtime_Startup_sfxnRts__C)
                  20014000    00000004     app_pem4.oem4 (.const:xdc_runtime_Startup_sfxnTab__C)
                  20014004    00000004     app_pem4.oem4 (.const:xdc_runtime_SysMin_bufSize__C)
                  20014008    00000004     app_pem4.oem4 (.const:xdc_runtime_SysMin_outputFunc__C)
                  2001400c    00000004     app_pem4.oem4 (.const:xdc_runtime_System_Module__gateObj__C)
                  20014010    00000004     app_pem4.oem4 (.const:xdc_runtime_System_abortFxn__C)
                  20014014    00000004     app_pem4.oem4 (.const:xdc_runtime_System_exitFxn__C)
                  20014018    00000004     app_pem4.oem4 (.const:xdc_runtime_System_extendFxn__C)
                  2001401c    00000004     app_pem4.oem4 (.const:xdc_runtime_System_maxAtexitHandlers__C)
                  20014020    00000004     app_pem4.oem4 (.const:xdc_runtime_Text_charTab__C)
                  20014024    00000004     app_pem4.oem4 (.const:xdc_runtime_Text_nameEmpty__C)
                  20014028    00000004     app_pem4.oem4 (.const:xdc_runtime_Text_nameStatic__C)
                  2001402c    00000004     app_pem4.oem4 (.const:xdc_runtime_Text_nameUnknown__C)
                  20014030    00000004     app_pem4.oem4 (.const:xdc_runtime_Text_nodeTab__C)
                  20014034    00000004     app_pem4.oem4 (.const:xdc_runtime_Text_visitRopeFxn__C)
                  20014038    00000002     app_pem4.oem4 (.const:ti_sysbios_family_arm_m3_Timer_Module__id__C)
                  2001403a    00000002     app_pem4.oem4 (.const:ti_sysbios_family_arm_m3_TimestampProvider_configTimer__C)
                  2001403c    00000002     app_pem4.oem4 (.const:ti_sysbios_gates_GateMutex_Module__id__C)
                  2001403e    00000002     app_pem4.oem4 (.const:ti_sysbios_hal_Hwi_Module__id__C)
                  20014040    00000002     app_pem4.oem4 (.const:ti_sysbios_heaps_HeapMem_Module__id__C)
                  20014042    00000002     app_pem4.oem4 (.const:ti_sysbios_knl_Clock_Module__id__C)
                  20014044    00000002     app_pem4.oem4 (.const:ti_sysbios_knl_Clock_Module__loggerDefined__C)
                  20014046    00000002     app_pem4.oem4 (.const:ti_sysbios_knl_Mailbox_Module__id__C)
                  20014048    00000002     app_pem4.oem4 (.const:ti_sysbios_knl_Semaphore_Module__id__C)
                  2001404a    00000002     app_pem4.oem4 (.const:ti_sysbios_knl_Semaphore_Module__loggerDefined__C)
                  2001404c    00000002     app_pem4.oem4 (.const:ti_sysbios_knl_Swi_Module__id__C)
                  2001404e    00000002     app_pem4.oem4 (.const:ti_sysbios_knl_Swi_Module__loggerDefined__C)
                  20014050    00000002     app_pem4.oem4 (.const:ti_sysbios_knl_Task_Module__id__C)
                  20014052    00000002     app_pem4.oem4 (.const:ti_sysbios_knl_Task_Module__loggerDefined__C)
                  20014054    00000002     app_pem4.oem4 (.const:ti_sysbios_knl_Task_initStackFlag__C)
                  20014056    00000002     app_pem4.oem4 (.const:xdc_runtime_Core_Module__id__C)
                  20014058    00000002     app_pem4.oem4 (.const:xdc_runtime_Error_Module__loggerDefined__C)
                  2001405a    00000002     app_pem4.oem4 (.const:xdc_runtime_Error_maxDepth__C)
                  2001405c    00000002     app_pem4.oem4 (.const:xdc_runtime_LoggerBuf_Module__id__C)
                  2001405e    00000002     app_pem4.oem4 (.const:xdc_runtime_LoggerBuf_filterByLevel__C)
                  20014060    00000002     app_pem4.oem4 (.const:xdc_runtime_Memory_Module__id__C)
                  20014062    00000002     app_pem4.oem4 (.const:xdc_runtime_SysMin_flushAtExit__C)
                  20014064    00000002     app_pem4.oem4 (.const:xdc_runtime_Text_charCnt__C)
                  20014066    00000002     app_pem4.oem4 (.const:xdc_runtime_Text_isLoaded__C)
                  20014068    00000002     app_pem4.oem4 (.const:xdc_runtime_Text_registryModsLastId__C)
                  2001406a    00000002     app_pem4.oem4 (.const:xdc_runtime_Text_unnamedModsLastId__C)

.cinit     0    20014070    00000350     
                  20014070    00000325     (.cinit..data.load) [load image, compression = rle]
                  20014395    00000003     --HOLE-- [fill = 0]
                  20014398    0000000c     (__TI_handler_table)
                  200143a4    00000004     --HOLE-- [fill = 0]
                  200143a8    00000008     (.cinit..bss.load) [load image, compression = zero_init]
                  200143b0    00000010     (__TI_cinit_table)

.bss       0    20018000    00009641     UNINITIALIZED
                  20018000    00008000     (.common:ti_sysbios_heaps_HeapMem_Instance_State_0_buf__A)
                  20020000    00000800     app_pem4.oem4 (.bss:taskStackSection)
                  20020800    00000400     (.common:xdc_runtime_LoggerBuf_Instance_State_0_entryArr__A)
                  20020c00    00000400     (.common:xdc_runtime_SysMin_Module_State_0_outbuf__A)
                  20021000    0000030c     (.common:ti_sysbios_family_arm_m3_Hwi_dispatchTable)
                  2002130c    00000178     simplelink.a : driver.obj (.bss:g_StatMem)
                  20021484    00000120     rtsv7M4_T_le_eabi.lib : trgmsg.obj (.bss:__CIOBUF_)
                  200215a4    00000050     (.common:g_ucDinDout)
                  200215f4    00000024     main.obj (.bss:g_ucConnectionSSID)
                  20021618    00000008     (.common:g_ucConnectionBSSID)
                  20021620    00000008     (.common:parmbuf)
                  20021628    00000004     (.common:DMAMsgQ)
                  2002162c    00000004     (.common:SimpleLinkSpawnTaskHndl)
                  20021630    00000004     (.common:__Errorlog)
                  20021634    00000004     (.common:g_cDummy)
                  20021638    00000004     (.common:simpleLink_mailbox)
                  2002163c    00000001     (.common:RxIrqCnt)
                  2002163d    00000001     (.common:g_bDeviceRestartIsRequired)
                  2002163e    00000001     (.common:g_ucLED1Pin)
                  2002163f    00000001     (.common:g_ucLED2Pin)
                  20021640    00000001     (.common:g_ucLED3Pin)

[...]
20013dd8  ti_sysbios_family_arm_m3_Hwi_E_memFault__C                  
20013ddc  ti_sysbios_family_arm_m3_Hwi_E_noIsr__C                     
20013de0  ti_sysbios_family_arm_m3_Hwi_E_reserved__C                  
20013de4  ti_sysbios_family_arm_m3_Hwi_E_svCall__C                    
20013de8  ti_sysbios_family_arm_m3_Hwi_E_usageFault__C                
20013dec  ti_sysbios_family_arm_m3_Hwi_LD_end__C                      
20013df0  ti_sysbios_family_arm_m3_Hwi_LM_begin__C                    
20013df4  ti_sysbios_family_arm_m3_Hwi_Module__diagsEnabled__C        
20013df8  ti_sysbios_family_arm_m3_Hwi_Module__diagsIncluded__C       
20013dfc  ti_sysbios_family_arm_m3_Hwi_Module__diagsMask__C           
20013e00  ti_sysbios_family_arm_m3_Hwi_Module__loggerFxn1__C          
20013e04  ti_sysbios_family_arm_m3_Hwi_Module__loggerFxn8__C          
20013e08  ti_sysbios_family_arm_m3_Hwi_Module__loggerObj__C           
20013e0c  ti_sysbios_family_arm_m3_Hwi_NUM_INTERRUPTS__C              
20013e10  ti_sysbios_family_arm_m3_Hwi_Object__count__C               
20013e14  ti_sysbios_family_arm_m3_Hwi_ccr__C                         
20013e18  ti_sysbios_family_arm_m3_Hwi_excHandlerFunc__C              
20013e1c  ti_sysbios_family_arm_m3_Hwi_excHookFuncs__C                
20013e20  ti_sysbios_family_arm_m3_Hwi_nullIsrFunc__C                 
20013e24  ti_sysbios_family_arm_m3_Hwi_priGroup__C                    
20013e28  ti_sysbios_family_arm_m3_TaskSupport_stackAlignment__C      
20013e2c  ti_sysbios_family_arm_m3_Timer_E_cannotSupport__C           
20013e30  ti_sysbios_family_arm_m3_Timer_startupNeeded__C             
20013e34  ti_sysbios_gates_GateMutex_A_badContext__C                  
20013e38  ti_sysbios_gates_GateMutex_Instance_State_sem__O            
20013e3c  ti_sysbios_gates_GateMutex_Module__diagsEnabled__C          
20013e40  ti_sysbios_gates_GateMutex_Module__diagsIncluded__C         
20013e44  ti_sysbios_gates_GateMutex_Module__diagsMask__C             
20013e48  ti_sysbios_hal_Hwi_E_stackOverflow__C                       
20013e4c  ti_sysbios_heaps_HeapMem_A_align__C                         
20013e50  ti_sysbios_heaps_HeapMem_A_heapSize__C                      
20013e54  ti_sysbios_heaps_HeapMem_A_invalidFree__C                   
20013e58  ti_sysbios_heaps_HeapMem_A_zeroBlock__C                     
20013e5c  ti_sysbios_heaps_HeapMem_E_memory__C                        
20013e60  ti_sysbios_heaps_HeapMem_Module__diagsEnabled__C            
20013e64  ti_sysbios_heaps_HeapMem_Module__diagsIncluded__C           
20013e68  ti_sysbios_heaps_HeapMem_Module__diagsMask__C               
20013e6c  ti_sysbios_heaps_HeapMem_Module__gateObj__C                 
20013e70  ti_sysbios_heaps_HeapMem_Object__count__C                   
20013e74  ti_sysbios_heaps_HeapMem_reqAlign__C                        
20013e78  ti_sysbios_knl_Clock_LM_begin__C                            
20013e7c  ti_sysbios_knl_Clock_LM_tick__C                             
20013e80  ti_sysbios_knl_Clock_LW_delayed__C                          
20013e84  ti_sysbios_knl_Clock_Module_State_clockQ__O                 
20013e88  ti_sysbios_knl_Clock_Module__diagsEnabled__C                
20013e8c  ti_sysbios_knl_Clock_Module__diagsIncluded__C               
20013e90  ti_sysbios_knl_Clock_Module__diagsMask__C                   
20013e94  ti_sysbios_knl_Clock_Module__loggerFxn1__C                  
20013e98  ti_sysbios_knl_Clock_Module__loggerFxn2__C                  
20013e9c  ti_sysbios_knl_Clock_Module__loggerObj__C                   
20013ea0  ti_sysbios_knl_Clock_tickPeriod__C                          
20013ea4  ti_sysbios_knl_Idle_funcList__A                             
20013ea8  ti_sysbios_knl_Mailbox_A_invalidBufSize__C                  
20013eac  ti_sysbios_knl_Mailbox_Instance_State_dataQue__O            
20013eb0  ti_sysbios_knl_Mailbox_Instance_State_dataSem__O            
20013eb4  ti_sysbios_knl_Mailbox_Instance_State_freeQue__O            
20013eb8  ti_sysbios_knl_Mailbox_Instance_State_freeSem__O            
20013ebc  ti_sysbios_knl_Mailbox_Module__diagsEnabled__C              
20013ec0  ti_sysbios_knl_Mailbox_Module__diagsIncluded__C             
20013ec4  ti_sysbios_knl_Mailbox_Module__diagsMask__C                 
20013ec8  ti_sysbios_knl_Mailbox_Object__count__C                     
20013ecc  ti_sysbios_knl_Mailbox_maxTypeAlign__C                      
20013ed0  ti_sysbios_knl_Semaphore_A_badContext__C                    
20013ed4  ti_sysbios_knl_Semaphore_A_noEvents__C                      
20013ed8  ti_sysbios_knl_Semaphore_A_overflow__C                      
20013edc  ti_sysbios_knl_Semaphore_A_pendTaskDisabled__C              
20013ee0  ti_sysbios_knl_Semaphore_Instance_State_pendQ__O            
20013ee4  ti_sysbios_knl_Semaphore_LM_pend__C                         
20013ee8  ti_sysbios_knl_Semaphore_LM_post__C                         
20013eec  ti_sysbios_knl_Semaphore_Module__diagsEnabled__C            
20013ef0  ti_sysbios_knl_Semaphore_Module__diagsIncluded__C           
20013ef4  ti_sysbios_knl_Semaphore_Module__diagsMask__C               
20013ef8  ti_sysbios_knl_Semaphore_Module__loggerFxn2__C              
20013efc  ti_sysbios_knl_Semaphore_Module__loggerFxn4__C              
20013f00  ti_sysbios_knl_Semaphore_Module__loggerObj__C               
20013f04  ti_sysbios_knl_Swi_LD_end__C                                
20013f08  ti_sysbios_knl_Swi_LM_begin__C                              
20013f0c  ti_sysbios_knl_Swi_LM_post__C                               
20013f10  ti_sysbios_knl_Swi_Module__diagsEnabled__C                  
20013f14  ti_sysbios_knl_Swi_Module__diagsIncluded__C                 
20013f18  ti_sysbios_knl_Swi_Module__diagsMask__C                     
20013f1c  ti_sysbios_knl_Swi_Module__loggerFxn1__C                    
20013f20  ti_sysbios_knl_Swi_Module__loggerFxn4__C                    
20013f24  ti_sysbios_knl_Swi_Module__loggerObj__C                     
20013f28  ti_sysbios_knl_Swi_Object__count__C                         
20013f2c  ti_sysbios_knl_Task_A_badPriority__C                        
20013f30  ti_sysbios_knl_Task_A_badTaskState__C                       
20013f34  ti_sysbios_knl_Task_A_badThreadType__C                      
20013f38  ti_sysbios_knl_Task_A_badTimeout__C                         
20013f3c  ti_sysbios_knl_Task_A_noPendElem__C                         
20013f40  ti_sysbios_knl_Task_A_sleepTaskDisabled__C                  
20013f44  ti_sysbios_knl_Task_E_spOutOfBounds__C                      
20013f48  ti_sysbios_knl_Task_E_stackOverflow__C                      
20013f4c  ti_sysbios_knl_Task_LD_block__C                             
20013f50  ti_sysbios_knl_Task_LD_exit__C                              
20013f54  ti_sysbios_knl_Task_LD_ready__C                             
20013f58  ti_sysbios_knl_Task_LM_sleep__C                             
20013f5c  ti_sysbios_knl_Task_LM_switch__C                            
20013f60  ti_sysbios_knl_Task_LM_yield__C                             
20013f64  ti_sysbios_knl_Task_Module_State_inactiveQ__O               
20013f68  ti_sysbios_knl_Task_Module__diagsEnabled__C                 
20013f6c  ti_sysbios_knl_Task_Module__diagsIncluded__C                
20013f70  ti_sysbios_knl_Task_Module__diagsMask__C                    
20013f74  ti_sysbios_knl_Task_Module__loggerFxn2__C                   
20013f78  ti_sysbios_knl_Task_Module__loggerFxn4__C                   
20013f7c  ti_sysbios_knl_Task_Module__loggerObj__C                    
20013f80  ti_sysbios_knl_Task_Object__count__C                        
20013f84  ti_sysbios_knl_Task_allBlockedFunc__C                       
20013f88  ti_sysbios_knl_Task_defaultStackHeap__C                     
20013f8c  ti_sysbios_knl_Task_defaultStackSize__C                     
20013f90  ti_sysbios_knl_Task_numConstructedTasks__C                  
20013f94  xdc_runtime_Assert_E_assertFailed__C                        
20013f98  xdc_runtime_Core_A_initializedParams__C                     
20013f9c  xdc_runtime_Core_Module__diagsEnabled__C                    
20013fa0  xdc_runtime_Core_Module__diagsIncluded__C                   
20013fa4  xdc_runtime_Core_Module__diagsMask__C                       
20013fa8  xdc_runtime_Error_E_memory__C                               
20013fac  xdc_runtime_Error_Module__diagsEnabled__C                   
20013fb0  xdc_runtime_Error_Module__diagsIncluded__C                  
20013fb4  xdc_runtime_Error_Module__diagsMask__C                      
20013fb8  xdc_runtime_Error_Module__loggerFxn8__C                     
20013fbc  xdc_runtime_Error_Module__loggerObj__C                      
20013fc0  xdc_runtime_Error_policyFxn__C                              
20013fc4  xdc_runtime_Error_raiseHook__C                              
20013fc8  xdc_runtime_IFilterLogger_Interface__BASE__C                
20013fcc  xdc_runtime_IGateProvider_Interface__BASE__C                
20013fd0  xdc_runtime_IHeap_Interface__BASE__C                        
20013fd4  xdc_runtime_ILogger_Interface__BASE__C                      
20013fd8  xdc_runtime_IModule_Interface__BASE__C                      
20013fdc  xdc_runtime_Log_L_error__C                                  
20013fe0  xdc_runtime_LoggerBuf_E_badLevel__C                         
20013fe4  xdc_runtime_LoggerBuf_Module__gateObj__C                    
20013fe8  xdc_runtime_LoggerBuf_Object__count__C                      
20013fec  xdc_runtime_LoggerBuf_statusLogger__C                       
20013ff0  xdc_runtime_Memory_defaultHeapInstance__C                   
20013ff4  xdc_runtime_Startup_execImpl__C                             
20013ff8  xdc_runtime_Startup_maxPasses__C                            
20013ffc  xdc_runtime_Startup_sfxnRts__C                              
20014000  xdc_runtime_Startup_sfxnTab__C                              
20014004  xdc_runtime_SysMin_bufSize__C                               
20014008  xdc_runtime_SysMin_outputFunc__C                            
2001400c  xdc_runtime_System_Module__gateObj__C                       
20014010  xdc_runtime_System_abortFxn__C                              
20014014  xdc_runtime_System_exitFxn__C                               
20014018  xdc_runtime_System_extendFxn__C                             
2001401c  xdc_runtime_System_maxAtexitHandlers__C                     
20014020  xdc_runtime_Text_charTab__C                                 
20014024  xdc_runtime_Text_nameEmpty__C                               
20014028  xdc_runtime_Text_nameStatic__C                              
2001402c  xdc_runtime_Text_nameUnknown__C                             
20014030  xdc_runtime_Text_nodeTab__C                                 
20014034  xdc_runtime_Text_visitRopeFxn__C                            
20014038  ti_sysbios_family_arm_m3_Timer_Module__id__C                
2001403a  ti_sysbios_family_arm_m3_TimestampProvider_configTimer__C   
2001403c  ti_sysbios_gates_GateMutex_Module__id__C                    
2001403e  ti_sysbios_hal_Hwi_Module__id__C                            
20014040  ti_sysbios_heaps_HeapMem_Module__id__C                      
20014042  ti_sysbios_knl_Clock_Module__id__C                          
20014044  ti_sysbios_knl_Clock_Module__loggerDefined__C               
20014046  ti_sysbios_knl_Mailbox_Module__id__C                        
20014048  ti_sysbios_knl_Semaphore_Module__id__C                      
2001404a  ti_sysbios_knl_Semaphore_Module__loggerDefined__C           
2001404c  ti_sysbios_knl_Swi_Module__id__C                            
2001404e  ti_sysbios_knl_Swi_Module__loggerDefined__C                 
20014050  ti_sysbios_knl_Task_Module__id__C                           
20014052  ti_sysbios_knl_Task_Module__loggerDefined__C                
20014054  ti_sysbios_knl_Task_initStackFlag__C                        
20014056  xdc_runtime_Core_Module__id__C                              
20014058  xdc_runtime_Error_Module__loggerDefined__C                  
2001405a  xdc_runtime_Error_maxDepth__C                               
2001405c  xdc_runtime_LoggerBuf_Module__id__C                         
2001405e  xdc_runtime_LoggerBuf_filterByLevel__C                      
20014060  xdc_runtime_Memory_Module__id__C                            
20014062  xdc_runtime_SysMin_flushAtExit__C                           
20014064  xdc_runtime_Text_charCnt__C                                 
20014066  xdc_runtime_Text_isLoaded__C                                
20014068  xdc_runtime_Text_registryModsLastId__C                      
2001406a  xdc_runtime_Text_unnamedModsLastId__C                       
20014070  __TI_static_base__                                          
20014398  __TI_Handler_Table_Base                                     
200143a4  __TI_Handler_Table_Limit                                    
200143b0  __TI_CINIT_Base                                             
200143c0  __TI_CINIT_Limit                                            
20018000  ti_sysbios_heaps_HeapMem_Instance_State_0_buf__A            
20020000  ti_sysbios_knl_Task_Instance_State_0_stack__A               
20020800  xdc_runtime_LoggerBuf_Instance_State_0_entryArr__A          
20020c00  xdc_runtime_SysMin_Module_State_0_outbuf__A                 
20021000  ti_sysbios_family_arm_m3_Hwi_dispatchTable                  
20021484  __CIOBUF_                                                   
200215a4  g_ucDinDout                                                 
200215f4  g_ucConnectionSSID                                          
20021618  g_ucConnectionBSSID                                         
20021628  DMAMsgQ                                                     
2002162c  SimpleLinkSpawnTaskHndl                                     
20021634  g_cDummy                                                    
20021638  simpleLink_mailbox                                          
2002163c  RxIrqCnt                                                    
2002163d  g_bDeviceRestartIsRequired                                  
2002163e  g_ucLED1Pin                                                 
2002163f  g_ucLED2Pin                                                 
20021640  g_ucLED3Pin                                                 
200216f8  _Denorm                                                     
20021708  _Eps                                                        
20021718  _Hugeval                                                    
20021728  _Inf                                                        
20021738  _Nan                                                        
20021748  _Snan                                                       
20021758  _Rteps                                                      
20021768  _Xbig                                                       
20021770  _Zero                                                       
20021778  ti_sysbios_knl_Swi_Module_State_0_readyQ__A                 
200217f8  ti_sysbios_knl_Task_Module_State_0_readyQ__A                
20021878  TSK_idle                                                    
20021878  ti_sysbios_knl_Task_Object__table__V                        
200218c4  ti_sysbios_knl_Task_Module__state__V                        
20021908  ti_sysbios_gates_GateMutex_Object__table__V                 
20021940  ti_sysbios_family_arm_m3_Hwi_Module__state__V               
20021974  ti_sysbios_family_arm_m3_Timer_Object__table__V             
200219a4  ti_sysbios_knl_Swi_Object__table__V                         
200219d4  ti_sysbios_knl_Clock_Module__state__V                       
20021a00  ti_sysbios_BIOS_Module__state__V                            
20021a24  xdc_runtime_LoggerBuf_Object__table__V                      
20021a5c  g_uiLED1Port                                                
20021a60  g_uiLED2Port                                                
20021a64  g_uiLED3Port                                                
20021a68  ti_sysbios_knl_Swi_Module__state__V                         
20021a84  ti_sysbios_family_arm_m3_Hwi_Object__table__V               
20021a9c  ti_sysbios_heaps_HeapMem_Object__table__V                   
20021ab4  xdc_runtime_System_Module_State_0_atexitHandlers__A         
20021ac4  g_SlDeviceStatus                                            
20021ac8  g_pCB                                                       
20021acc  pPingCallBackFunc                                           
20021ad2  ti_sysbios_family_arm_m3_Hwi_Module_State_0_excActive__A    
20021ad4  g_ulStatus                                                  
20021ad8  g_ulPingPacketsRecv                                         
20021adc  g_ulGatewayIP                                               
20021ae0  ti_sysbios_family_arm_m3_Timer_Module__state__V             
20021aec  xdc_runtime_SysMin_Module__state__V                         
20021af8  g_SpiFd                                                     
20021afc  g_pHostIntHdl                                               
20021b00  g_ucDMAEnabled                                              
20021b02  xdc_runtime_Error_Module__state__V                          
20021b04  _lock                                                       
20021b08  _unlock                                                     
20021b0c  __TI_cleanup_ptr                                            
20021b10  __TI_dtors_ptr                                              
20021b14  _Fenv                                                       
20021b18  _Tls_setup__Fenv                                            
20021b1c  ti_sysbios_family_arm_m3_Hwi_Module__root__V                
20021b24  ti_sysbios_gates_GateHwi_Module__root__V                    
20021b2c  ti_sysbios_gates_GateMutex_Module__root__V                  
20021b34  ti_sysbios_heaps_HeapMem_Module__root__V                    
20021b3c  ti_sysbios_knl_Mailbox_Module__root__V                      
20021b44  ti_sysbios_knl_Queue_Module__root__V                        
20021b4c  ti_sysbios_knl_Semaphore_Module__root__V                    
20021b54  ti_sysbios_knl_Task_Module__root__V                         
20021b5c  xdc_runtime_LoggerBuf_Module__root__V                       
20021b64  xdc_runtime_Registry_Module__state__V                       
20021b6c  xdc_runtime_Startup_Module__state__V                        
20021b74  xdc_runtime_System_Module__state__V                         
20021b7c  xdc_runtime_LoggerBuf_Module__state__V                      
20021b84  _Errno                                                      
20021b88  main_func_sp                                                
20021b8c  ti_sysbios_family_arm_m3_Hwi_Module_State_0_excContext__A   
20021b90  ti_sysbios_family_arm_m3_Hwi_Module_State_0_excStack__A     
20021b94  ti_sysbios_family_arm_m3_TimestampProvider_Module__state__V 
20021b98  ti_sysbios_gates_GateHwi_Object__table__V                   
20021b9c  ti_sysbios_knl_Task_Module_State_0_idleTask__A              
20021ba0  xdc_runtime_Memory_Module__state__V                         
2002e000  __stack                                                     
20030000  __STACK_END                                                 
e000e000  ti_sysbios_family_arm_m3_Hwi_nvic                           
ffffffff  __binit__                                                   
ffffffff  __c_args__                                                  
ffffffff  binit                                                       
UNDEFED   SHT$$INIT_ARRAY$$Base                                       
UNDEFED   SHT$$INIT_ARRAY$$Limit                                      

[876 symbols]
